Jun  7 18:28:58 johnsnow kernel: [    0.000000] Initializing cgroup subsys cpuset
Jun  7 18:28:58 johnsnow kernel: [    0.000000] Initializing cgroup subsys cpu
Jun  7 18:28:58 johnsnow kernel: [    0.000000] Initializing cgroup subsys cpuacct
Jun  7 18:28:58 johnsnow kernel: [    0.000000] Linux version 3.16.0-4-amd64 (debian-kernel@lists.debian.org) (gcc version 4.8.4 (Debian 4.8.4-1) ) #1 SMP Debian 3.16.7-ckt25-2 (2016-04-08)
Jun  7 18:28:58 johnsnow kernel: [    0.000000] Command line: BOOT_IMAGE=/boot/vmlinuz-3.16.0-4-amd64 root=UUID=f0a04bc8-0b69-4c91-b95f-4ffa1fc804d2 ro initrd=/install/initrd.gz quiet
Jun  7 18:28:58 johnsnow kernel: [    0.000000] e820: BIOS-provided physical RAM map:
Jun  7 18:28:58 johnsnow kernel: [    0.000000] BIOS-e820: [mem 0x0000000000000000-0x000000000009fbff] usable
Jun  7 18:28:58 johnsnow kernel: [    0.000000] BIOS-e820: [mem 0x000000000009fc00-0x000000000009ffff] reserved
Jun  7 18:28:58 johnsnow kernel: [    0.000000] BIOS-e820: [mem 0x00000000000f0000-0x00000000000fffff] reserved
Jun  7 18:28:58 johnsnow kernel: [    0.000000] BIOS-e820: [mem 0x0000000000100000-0x000000001ffdefff] usable
Jun  7 18:28:58 johnsnow kernel: [    0.000000] BIOS-e820: [mem 0x000000001ffdf000-0x000000001fffffff] reserved
Jun  7 18:28:58 johnsnow kernel: [    0.000000] BIOS-e820: [mem 0x00000000feffc000-0x00000000feffffff] reserved
Jun  7 18:28:58 johnsnow kernel: [    0.000000] BIOS-e820: [mem 0x00000000fffc0000-0x00000000ffffffff] reserved
Jun  7 18:28:58 johnsnow kernel: [    0.000000] NX (Execute Disable) protection: active
Jun  7 18:28:58 johnsnow kernel: [    0.000000] SMBIOS 0.8 present.
Jun  7 18:28:58 johnsnow kernel: [    0.000000] DMI: QEMU Standard PC (i440FX + PIIX, 1996), BIOS rel-1.8.2-0-g33fbe13 by qemu-project.org 04/01/2014
Jun  7 18:28:58 johnsnow kernel: [    0.000000] Hypervisor detected: KVM
Jun  7 18:28:58 johnsnow kernel: [    0.000000] e820: update [mem 0x00000000-0x00000fff] usable ==> reserved
Jun  7 18:28:58 johnsnow kernel: [    0.000000] e820: remove [mem 0x000a0000-0x000fffff] usable
Jun  7 18:28:58 johnsnow kernel: [    0.000000] AGP: No AGP bridge found
Jun  7 18:28:58 johnsnow kernel: [    0.000000] e820: last_pfn = 0x1ffdf max_arch_pfn = 0x400000000
Jun  7 18:28:58 johnsnow kernel: [    0.000000] MTRR default type: write-back
Jun  7 18:28:58 johnsnow kernel: [    0.000000] MTRR fixed ranges enabled:
Jun  7 18:28:58 johnsnow kernel: [    0.000000]   00000-9FFFF write-back
Jun  7 18:28:58 johnsnow kernel: [    0.000000]   A0000-BFFFF uncachable
Jun  7 18:28:58 johnsnow kernel: [    0.000000]   C0000-FFFFF write-protect
Jun  7 18:28:58 johnsnow kernel: [    0.000000] MTRR variable ranges enabled:
Jun  7 18:28:58 johnsnow kernel: [    0.000000]   0 base 0080000000 mask FF80000000 uncachable
Jun  7 18:28:58 johnsnow kernel: [    0.000000]   1 disabled
Jun  7 18:28:58 johnsnow kernel: [    0.000000]   2 disabled
Jun  7 18:28:58 johnsnow kernel: [    0.000000]   3 disabled
Jun  7 18:28:58 johnsnow kernel: [    0.000000]   4 disabled
Jun  7 18:28:58 johnsnow kernel: [    0.000000]   5 disabled
Jun  7 18:28:58 johnsnow kernel: [    0.000000]   6 disabled
Jun  7 18:28:58 johnsnow kernel: [    0.000000]   7 disabled
Jun  7 18:28:58 johnsnow kernel: [    0.000000] x86 PAT enabled: cpu 0, old 0x7040600070406, new 0x7010600070106
Jun  7 18:28:58 johnsnow kernel: [    0.000000] found SMP MP-table at [mem 0x000f6490-0x000f649f] mapped at [ffff8800000f6490]
Jun  7 18:28:58 johnsnow kernel: [    0.000000] Base memory trampoline at [ffff880000099000] 99000 size 24576
Jun  7 18:28:58 johnsnow kernel: [    0.000000] init_memory_mapping: [mem 0x00000000-0x000fffff]
Jun  7 18:28:58 johnsnow kernel: [    0.000000]  [mem 0x00000000-0x000fffff] page 4k
Jun  7 18:28:58 johnsnow kernel: [    0.000000] BRK [0x01af4000, 0x01af4fff] PGTABLE
Jun  7 18:28:58 johnsnow kernel: [    0.000000] BRK [0x01af5000, 0x01af5fff] PGTABLE
Jun  7 18:28:58 johnsnow kernel: [    0.000000] BRK [0x01af6000, 0x01af6fff] PGTABLE
Jun  7 18:28:58 johnsnow kernel: [    0.000000] init_memory_mapping: [mem 0x1fc00000-0x1fdfffff]
Jun  7 18:28:58 johnsnow kernel: [    0.000000]  [mem 0x1fc00000-0x1fdfffff] page 2M
Jun  7 18:28:58 johnsnow kernel: [    0.000000] init_memory_mapping: [mem 0x1c000000-0x1fbfffff]
Jun  7 18:28:58 johnsnow kernel: [    0.000000]  [mem 0x1c000000-0x1fbfffff] page 2M
Jun  7 18:28:58 johnsnow kernel: [    0.000000] init_memory_mapping: [mem 0x00100000-0x1bffffff]
Jun  7 18:28:58 johnsnow kernel: [    0.000000]  [mem 0x00100000-0x001fffff] page 4k
Jun  7 18:28:58 johnsnow kernel: [    0.000000]  [mem 0x00200000-0x1bffffff] page 2M
Jun  7 18:28:58 johnsnow kernel: [    0.000000] init_memory_mapping: [mem 0x1fe00000-0x1ffdefff]
Jun  7 18:28:58 johnsnow kernel: [    0.000000]  [mem 0x1fe00000-0x1ffdefff] page 4k
Jun  7 18:28:58 johnsnow kernel: [    0.000000] BRK [0x01af7000, 0x01af7fff] PGTABLE
Jun  7 18:28:58 johnsnow kernel: [    0.000000] RAMDISK: [mem 0x1e9e5000-0x1f7ecfff]
Jun  7 18:28:58 johnsnow kernel: [    0.000000] ACPI: Early table checksum verification disabled
Jun  7 18:28:58 johnsnow kernel: [    0.000000] ACPI: RSDP 0x00000000000F62A0 000014 (v00 BOCHS )
Jun  7 18:28:58 johnsnow kernel: [    0.000000] ACPI: RSDT 0x000000001FFE2538 000034 (v01 BOCHS  BXPCRSDT 00000001 BXPC 00000001)
Jun  7 18:28:58 johnsnow kernel: [    0.000000] ACPI: FACP 0x000000001FFE0BDA 000074 (v01 BOCHS  BXPCFACP 00000001 BXPC 00000001)
Jun  7 18:28:58 johnsnow kernel: [    0.000000] ACPI: DSDT 0x000000001FFE0040 000B9A (v01 BOCHS  BXPCDSDT 00000001 BXPC 00000001)
Jun  7 18:28:58 johnsnow kernel: [    0.000000] ACPI: FACS 0x000000001FFE0000 000040
Jun  7 18:28:58 johnsnow kernel: [    0.000000] ACPI: SSDT 0x000000001FFE0C4E 00183A (v01 BOCHS  BXPCSSDT 00000001 BXPC 00000001)
Jun  7 18:28:58 johnsnow kernel: [    0.000000] ACPI: APIC 0x000000001FFE2488 000078 (v01 BOCHS  BXPCAPIC 00000001 BXPC 00000001)
Jun  7 18:28:58 johnsnow kernel: [    0.000000] ACPI: HPET 0x000000001FFE2500 000038 (v01 BOCHS  BXPCHPET 00000001 BXPC 00000001)
Jun  7 18:28:58 johnsnow kernel: [    0.000000] ACPI: Local APIC address 0xfee00000
Jun  7 18:28:58 johnsnow kernel: [    0.000000] No NUMA configuration found
Jun  7 18:28:58 johnsnow kernel: [    0.000000] Faking a node at [mem 0x0000000000000000-0x000000001ffdefff]
Jun  7 18:28:58 johnsnow kernel: [    0.000000] Initmem setup node 0 [mem 0x00000000-0x1ffdefff]
Jun  7 18:28:58 johnsnow kernel: [    0.000000]   NODE_DATA [mem 0x1ffda000-0x1ffdefff]
Jun  7 18:28:58 johnsnow kernel: [    0.000000] kvm-clock: Using msrs 4b564d01 and 4b564d00
Jun  7 18:28:58 johnsnow kernel: [    0.000000] kvm-clock: cpu 0, msr 0:1ffd2001, primary cpu clock
Jun  7 18:28:58 johnsnow kernel: [    0.000000]  [ffffea0000000000-ffffea00007fffff] PMD -> [ffff88001dc00000-ffff88001e3fffff] on node 0
Jun  7 18:28:58 johnsnow kernel: [    0.000000] Zone ranges:
Jun  7 18:28:58 johnsnow kernel: [    0.000000]   DMA      [mem 0x00001000-0x00ffffff]
Jun  7 18:28:58 johnsnow kernel: [    0.000000]   DMA32    [mem 0x01000000-0xffffffff]
Jun  7 18:28:58 johnsnow kernel: [    0.000000]   Normal   empty
Jun  7 18:28:58 johnsnow kernel: [    0.000000] Movable zone start for each node
Jun  7 18:28:58 johnsnow kernel: [    0.000000] Early memory node ranges
Jun  7 18:28:58 johnsnow kernel: [    0.000000]   node   0: [mem 0x00001000-0x0009efff]
Jun  7 18:28:58 johnsnow kernel: [    0.000000]   node   0: [mem 0x00100000-0x1ffdefff]
Jun  7 18:28:58 johnsnow kernel: [    0.000000] On node 0 totalpages: 130941
Jun  7 18:28:58 johnsnow kernel: [    0.000000]   DMA zone: 56 pages used for memmap
Jun  7 18:28:58 johnsnow kernel: [    0.000000]   DMA zone: 21 pages reserved
Jun  7 18:28:58 johnsnow kernel: [    0.000000]   DMA zone: 3998 pages, LIFO batch:0
Jun  7 18:28:58 johnsnow kernel: [    0.000000]   DMA32 zone: 1736 pages used for memmap
Jun  7 18:28:58 johnsnow kernel: [    0.000000]   DMA32 zone: 126943 pages, LIFO batch:31
Jun  7 18:28:58 johnsnow kernel: [    0.000000] ACPI: PM-Timer IO Port: 0x608
Jun  7 18:28:58 johnsnow kernel: [    0.000000] ACPI: Local APIC address 0xfee00000
Jun  7 18:28:58 johnsnow kernel: [    0.000000] ACPI: LAPIC (acpi_id[0x00] lapic_id[0x00] enabled)
Jun  7 18:28:58 johnsnow kernel: [    0.000000] ACPI: LAPIC_NMI (acpi_id[0xff] dfl dfl lint[0x1])
Jun  7 18:28:58 johnsnow kernel: [    0.000000] ACPI: IOAPIC (id[0x00] address[0xfec00000] gsi_base[0])
Jun  7 18:28:58 johnsnow kernel: [    0.000000] IOAPIC[0]: apic_id 0, version 17, address 0xfec00000, GSI 0-23
Jun  7 18:28:58 johnsnow kernel: [    0.000000] ACPI: INT_SRC_OVR (bus 0 bus_irq 0 global_irq 2 dfl dfl)
Jun  7 18:28:58 johnsnow kernel: [    0.000000] ACPI: INT_SRC_OVR (bus 0 bus_irq 5 global_irq 5 high level)
Jun  7 18:28:58 johnsnow kernel: [    0.000000] ACPI: INT_SRC_OVR (bus 0 bus_irq 9 global_irq 9 high level)
Jun  7 18:28:58 johnsnow kernel: [    0.000000] ACPI: INT_SRC_OVR (bus 0 bus_irq 10 global_irq 10 high level)
Jun  7 18:28:58 johnsnow kernel: [    0.000000] ACPI: INT_SRC_OVR (bus 0 bus_irq 11 global_irq 11 high level)
Jun  7 18:28:58 johnsnow kernel: [    0.000000] ACPI: IRQ0 used by override.
Jun  7 18:28:58 johnsnow kernel: [    0.000000] ACPI: IRQ2 used by override.
Jun  7 18:28:58 johnsnow kernel: [    0.000000] ACPI: IRQ5 used by override.
Jun  7 18:28:58 johnsnow kernel: [    0.000000] ACPI: IRQ9 used by override.
Jun  7 18:28:58 johnsnow kernel: [    0.000000] ACPI: IRQ10 used by override.
Jun  7 18:28:58 johnsnow kernel: [    0.000000] ACPI: IRQ11 used by override.
Jun  7 18:28:58 johnsnow kernel: [    0.000000] Using ACPI (MADT) for SMP configuration information
Jun  7 18:28:58 johnsnow kernel: [    0.000000] ACPI: HPET id: 0x8086a201 base: 0xfed00000
Jun  7 18:28:58 johnsnow kernel: [    0.000000] smpboot: Allowing 1 CPUs, 0 hotplug CPUs
Jun  7 18:28:58 johnsnow kernel: [    0.000000] nr_irqs_gsi: 40
Jun  7 18:28:58 johnsnow kernel: [    0.000000] PM: Registered nosave memory: [mem 0x0009f000-0x0009ffff]
Jun  7 18:28:58 johnsnow kernel: [    0.000000] PM: Registered nosave memory: [mem 0x000a0000-0x000effff]
Jun  7 18:28:58 johnsnow kernel: [    0.000000] PM: Registered nosave memory: [mem 0x000f0000-0x000fffff]
Jun  7 18:28:58 johnsnow kernel: [    0.000000] e820: [mem 0x20000000-0xfeffbfff] available for PCI devices
Jun  7 18:28:58 johnsnow kernel: [    0.000000] Booting paravirtualized kernel on KVM
Jun  7 18:28:58 johnsnow kernel: [    0.000000] setup_percpu: NR_CPUS:512 nr_cpumask_bits:512 nr_cpu_ids:1 nr_node_ids:1
Jun  7 18:28:58 johnsnow kernel: [    0.000000] PERCPU: Embedded 27 pages/cpu @ffff88001fc00000 s80896 r8192 d21504 u2097152
Jun  7 18:28:58 johnsnow kernel: [    0.000000] pcpu-alloc: s80896 r8192 d21504 u2097152 alloc=1*2097152
Jun  7 18:28:58 johnsnow kernel: [    0.000000] pcpu-alloc: [0] 0 
Jun  7 18:28:58 johnsnow kernel: [    0.000000] KVM setup async PF for cpu 0
Jun  7 18:28:58 johnsnow kernel: [    0.000000] kvm-stealtime: cpu 0, msr 1fc0d080
Jun  7 18:28:58 johnsnow kernel: [    0.000000] Built 1 zonelists in Node order, mobility grouping on.  Total pages: 129128
Jun  7 18:28:58 johnsnow kernel: [    0.000000] Policy zone: DMA32
Jun  7 18:28:58 johnsnow kernel: [    0.000000] Kernel command line: BOOT_IMAGE=/boot/vmlinuz-3.16.0-4-amd64 root=UUID=f0a04bc8-0b69-4c91-b95f-4ffa1fc804d2 ro initrd=/install/initrd.gz quiet
Jun  7 18:28:58 johnsnow kernel: [    0.000000] PID hash table entries: 2048 (order: 2, 16384 bytes)
Jun  7 18:28:58 johnsnow kernel: [    0.000000] AGP: Checking aperture...
Jun  7 18:28:58 johnsnow kernel: [    0.000000] AGP: No AGP bridge found
Jun  7 18:28:58 johnsnow kernel: [    0.000000] Calgary: detecting Calgary via BIOS EBDA area
Jun  7 18:28:58 johnsnow kernel: [    0.000000] Calgary: Unable to locate Rio Grande table in EBDA - bailing!
Jun  7 18:28:58 johnsnow kernel: [    0.000000] Memory: 489484K/523764K available (5222K kernel code, 947K rwdata, 1836K rodata, 1204K init, 840K bss, 34280K reserved)
Jun  7 18:28:58 johnsnow kernel: [    0.000000] Hierarchical RCU implementation.
Jun  7 18:28:58 johnsnow kernel: [    0.000000] 	RCU dyntick-idle grace-period acceleration is enabled.
Jun  7 18:28:58 johnsnow kernel: [    0.000000] 	RCU restricting CPUs from NR_CPUS=512 to nr_cpu_ids=1.
Jun  7 18:28:58 johnsnow kernel: [    0.000000] RCU: Adjusting geometry for rcu_fanout_leaf=16, nr_cpu_ids=1
Jun  7 18:28:58 johnsnow kernel: [    0.000000] NR_IRQS:33024 nr_irqs:256 16
Jun  7 18:28:58 johnsnow kernel: [    0.000000] Console: colour VGA+ 80x25
Jun  7 18:28:58 johnsnow kernel: [    0.000000] console [tty0] enabled
Jun  7 18:28:58 johnsnow kernel: [    0.000000] hpet clockevent registered
Jun  7 18:28:58 johnsnow kernel: [    0.000000] tsc: Detected 3500.224 MHz processor
Jun  7 18:28:58 johnsnow kernel: [    0.008000] Calibrating delay loop (skipped) preset value.. 7000.44 BogoMIPS (lpj=14000896)
Jun  7 18:28:58 johnsnow kernel: [    0.008000] pid_max: default: 32768 minimum: 301
Jun  7 18:28:58 johnsnow kernel: [    0.008000] ACPI: Core revision 20140424
Jun  7 18:28:58 johnsnow kernel: [    0.008000] ACPI: All ACPI Tables successfully acquired
Jun  7 18:28:58 johnsnow kernel: [    0.008000] Security Framework initialized
Jun  7 18:28:58 johnsnow kernel: [    0.008000] AppArmor: AppArmor disabled by boot time parameter
Jun  7 18:28:58 johnsnow kernel: [    0.008000] Yama: disabled by default; enable with sysctl kernel.yama.*
Jun  7 18:28:58 johnsnow kernel: [    0.008000] Dentry cache hash table entries: 65536 (order: 7, 524288 bytes)
Jun  7 18:28:58 johnsnow kernel: [    0.008000] Inode-cache hash table entries: 32768 (order: 6, 262144 bytes)
Jun  7 18:28:58 johnsnow kernel: [    0.008000] Mount-cache hash table entries: 1024 (order: 1, 8192 bytes)
Jun  7 18:28:58 johnsnow kernel: [    0.008000] Mountpoint-cache hash table entries: 1024 (order: 1, 8192 bytes)
Jun  7 18:28:58 johnsnow kernel: [    0.008000] Initializing cgroup subsys memory
Jun  7 18:28:58 johnsnow kernel: [    0.008000] Initializing cgroup subsys devices
Jun  7 18:28:58 johnsnow kernel: [    0.008000] Initializing cgroup subsys freezer
Jun  7 18:28:58 johnsnow kernel: [    0.008000] Initializing cgroup subsys net_cls
Jun  7 18:28:58 johnsnow kernel: [    0.008000] Initializing cgroup subsys blkio
Jun  7 18:28:58 johnsnow kernel: [    0.008000] Initializing cgroup subsys perf_event
Jun  7 18:28:58 johnsnow kernel: [    0.008000] Initializing cgroup subsys net_prio
Jun  7 18:28:58 johnsnow kernel: [    0.008000] mce: CPU supports 10 MCE banks
Jun  7 18:28:58 johnsnow kernel: [    0.008000] Last level iTLB entries: 4KB 0, 2MB 0, 4MB 0
Jun  7 18:28:58 johnsnow kernel: [    0.008000] Last level dTLB entries: 4KB 0, 2MB 0, 4MB 0, 1GB 0
Jun  7 18:28:58 johnsnow kernel: [    0.008000] tlb_flushall_shift: 6
Jun  7 18:28:58 johnsnow kernel: [    0.012575] Freeing SMP alternatives memory: 20K (ffffffff81a1b000 - ffffffff81a20000)
Jun  7 18:28:58 johnsnow kernel: [    0.014004] ftrace: allocating 21683 entries in 85 pages
Jun  7 18:28:58 johnsnow kernel: [    0.020140] Enabling x2apic
Jun  7 18:28:58 johnsnow kernel: [    0.020143] Enabled x2apic
Jun  7 18:28:58 johnsnow kernel: [    0.020261] Switched APIC routing to physical x2apic.
Jun  7 18:28:58 johnsnow kernel: [    0.020860] ..TIMER: vector=0x30 apic1=0 pin1=2 apic2=-1 pin2=-1
Jun  7 18:28:58 johnsnow kernel: [    0.020861] smpboot: CPU0: Intel Common KVM processor (fam: 0f, model: 06, stepping: 01)
Jun  7 18:28:58 johnsnow kernel: [    0.024000] Performance Events: unsupported Netburst CPU model 6 no PMU driver, software events only.
Jun  7 18:28:58 johnsnow kernel: [    0.024000] x86: Booted up 1 node, 1 CPUs
Jun  7 18:28:58 johnsnow kernel: [    0.024000] smpboot: Total of 1 processors activated (7000.44 BogoMIPS)
Jun  7 18:28:58 johnsnow kernel: [    0.024000] devtmpfs: initialized
Jun  7 18:28:58 johnsnow kernel: [    0.024000] NMI watchdog: disabled (cpu0): hardware events not enabled
Jun  7 18:28:58 johnsnow kernel: [    0.024000] pinctrl core: initialized pinctrl subsystem
Jun  7 18:28:58 johnsnow kernel: [    0.024000] NET: Registered protocol family 16
Jun  7 18:28:58 johnsnow kernel: [    0.024000] cpuidle: using governor ladder
Jun  7 18:28:58 johnsnow kernel: [    0.024000] cpuidle: using governor menu
Jun  7 18:28:58 johnsnow kernel: [    0.024000] ACPI: bus type PCI registered
Jun  7 18:28:58 johnsnow kernel: [    0.024000] acpiphp: ACPI Hot Plug PCI Controller Driver version: 0.5
Jun  7 18:28:58 johnsnow kernel: [    0.024000] PCI: Using configuration type 1 for base access
Jun  7 18:28:58 johnsnow kernel: [    0.024000] ACPI: Added _OSI(Module Device)
Jun  7 18:28:58 johnsnow kernel: [    0.024000] ACPI: Added _OSI(Processor Device)
Jun  7 18:28:58 johnsnow kernel: [    0.024000] ACPI: Added _OSI(3.0 _SCP Extensions)
Jun  7 18:28:58 johnsnow kernel: [    0.024000] ACPI: Added _OSI(Processor Aggregator Device)
Jun  7 18:28:58 johnsnow kernel: [    0.024517] ACPI: Interpreter enabled
Jun  7 18:28:58 johnsnow kernel: [    0.024520] ACPI Exception: AE_NOT_FOUND, While evaluating Sleep State [\_S1_] (20140424/hwxface-580)
Jun  7 18:28:58 johnsnow kernel: [    0.024522] ACPI Exception: AE_NOT_FOUND, While evaluating Sleep State [\_S2_] (20140424/hwxface-580)
Jun  7 18:28:58 johnsnow kernel: [    0.024527] ACPI: (supports S0 S3 S4 S5)
Jun  7 18:28:58 johnsnow kernel: [    0.024527] ACPI: Using IOAPIC for interrupt routing
Jun  7 18:28:58 johnsnow kernel: [    0.024534] PCI: Using host bridge windows from ACPI; if necessary, use "pci=nocrs" and report a bug
Jun  7 18:28:58 johnsnow kernel: [    0.026772] ACPI: PCI Root Bridge [PCI0] (domain 0000 [bus 00-ff])
Jun  7 18:28:58 johnsnow kernel: [    0.026775] acpi PNP0A03:00: _OSC: OS supports [ASPM ClockPM Segments MSI]
Jun  7 18:28:58 johnsnow kernel: [    0.026777] acpi PNP0A03:00: _OSC failed (AE_NOT_FOUND); disabling ASPM
Jun  7 18:28:58 johnsnow kernel: [    0.026784] acpi PNP0A03:00: fail to add MMCONFIG information, can't access extended PCI configuration space under this bridge.
Jun  7 18:28:58 johnsnow kernel: [    0.026920] acpiphp: Slot [3] registered
Jun  7 18:28:58 johnsnow kernel: [    0.026929] acpiphp: Slot [4] registered
Jun  7 18:28:58 johnsnow kernel: [    0.026938] acpiphp: Slot [5] registered
Jun  7 18:28:58 johnsnow kernel: [    0.026946] acpiphp: Slot [6] registered
Jun  7 18:28:58 johnsnow kernel: [    0.026954] acpiphp: Slot [7] registered
Jun  7 18:28:58 johnsnow kernel: [    0.026963] acpiphp: Slot [8] registered
Jun  7 18:28:58 johnsnow kernel: [    0.026971] acpiphp: Slot [9] registered
Jun  7 18:28:58 johnsnow kernel: [    0.026980] acpiphp: Slot [10] registered
Jun  7 18:28:58 johnsnow kernel: [    0.026988] acpiphp: Slot [11] registered
Jun  7 18:28:58 johnsnow kernel: [    0.026996] acpiphp: Slot [12] registered
Jun  7 18:28:58 johnsnow kernel: [    0.027004] acpiphp: Slot [13] registered
Jun  7 18:28:58 johnsnow kernel: [    0.027012] acpiphp: Slot [14] registered
Jun  7 18:28:58 johnsnow kernel: [    0.027021] acpiphp: Slot [15] registered
Jun  7 18:28:58 johnsnow kernel: [    0.027029] acpiphp: Slot [16] registered
Jun  7 18:28:58 johnsnow kernel: [    0.027037] acpiphp: Slot [17] registered
Jun  7 18:28:58 johnsnow kernel: [    0.027046] acpiphp: Slot [18] registered
Jun  7 18:28:58 johnsnow kernel: [    0.027054] acpiphp: Slot [19] registered
Jun  7 18:28:58 johnsnow kernel: [    0.027062] acpiphp: Slot [20] registered
Jun  7 18:28:58 johnsnow kernel: [    0.027071] acpiphp: Slot [21] registered
Jun  7 18:28:58 johnsnow kernel: [    0.027079] acpiphp: Slot [22] registered
Jun  7 18:28:58 johnsnow kernel: [    0.027087] acpiphp: Slot [23] registered
Jun  7 18:28:58 johnsnow kernel: [    0.027095] acpiphp: Slot [24] registered
Jun  7 18:28:58 johnsnow kernel: [    0.027104] acpiphp: Slot [25] registered
Jun  7 18:28:58 johnsnow kernel: [    0.027112] acpiphp: Slot [26] registered
Jun  7 18:28:58 johnsnow kernel: [    0.027121] acpiphp: Slot [27] registered
Jun  7 18:28:58 johnsnow kernel: [    0.027129] acpiphp: Slot [28] registered
Jun  7 18:28:58 johnsnow kernel: [    0.027137] acpiphp: Slot [29] registered
Jun  7 18:28:58 johnsnow kernel: [    0.027152] PCI host bridge to bus 0000:00
Jun  7 18:28:58 johnsnow kernel: [    0.027153] pci_bus 0000:00: root bus resource [bus 00-ff]
Jun  7 18:28:58 johnsnow kernel: [    0.027154] pci_bus 0000:00: root bus resource [io  0x0000-0x0cf7]
Jun  7 18:28:58 johnsnow kernel: [    0.027155] pci_bus 0000:00: root bus resource [io  0x0d00-0xffff]
Jun  7 18:28:58 johnsnow kernel: [    0.027156] pci_bus 0000:00: root bus resource [mem 0x000a0000-0x000bffff]
Jun  7 18:28:58 johnsnow kernel: [    0.027157] pci_bus 0000:00: root bus resource [mem 0x20000000-0xfebfffff]
Jun  7 18:28:58 johnsnow kernel: [    0.027172] pci 0000:00:00.0: [8086:1237] type 00 class 0x060000
Jun  7 18:28:58 johnsnow kernel: [    0.027328] pci 0000:00:01.0: [8086:7000] type 00 class 0x060100
Jun  7 18:28:58 johnsnow kernel: [    0.027536] pci 0000:00:01.1: [8086:7010] type 00 class 0x010180
Jun  7 18:28:58 johnsnow kernel: [    0.029916] pci 0000:00:01.1: reg 0x20: [io  0xe0e0-0xe0ef]
Jun  7 18:28:58 johnsnow kernel: [    0.030907] pci 0000:00:01.1: legacy IDE quirk: reg 0x10: [io  0x01f0-0x01f7]
Jun  7 18:28:58 johnsnow kernel: [    0.030908] pci 0000:00:01.1: legacy IDE quirk: reg 0x14: [io  0x03f6]
Jun  7 18:28:58 johnsnow kernel: [    0.030909] pci 0000:00:01.1: legacy IDE quirk: reg 0x18: [io  0x0170-0x0177]
Jun  7 18:28:58 johnsnow kernel: [    0.030910] pci 0000:00:01.1: legacy IDE quirk: reg 0x1c: [io  0x0376]
Jun  7 18:28:58 johnsnow kernel: [    0.031011] pci 0000:00:01.2: [8086:7020] type 00 class 0x0c0300
Jun  7 18:28:58 johnsnow kernel: [    0.033519] pci 0000:00:01.2: reg 0x20: [io  0xe080-0xe09f]
Jun  7 18:28:58 johnsnow kernel: [    0.034600] pci 0000:00:01.3: [8086:7113] type 00 class 0x068000
Jun  7 18:28:58 johnsnow kernel: [    0.034754] pci 0000:00:01.3: quirk: [io  0x0600-0x063f] claimed by PIIX4 ACPI
Jun  7 18:28:58 johnsnow kernel: [    0.034758] pci 0000:00:01.3: quirk: [io  0x0700-0x070f] claimed by PIIX4 SMB
Jun  7 18:28:58 johnsnow kernel: [    0.034852] pci 0000:00:02.0: [1013:00b8] type 00 class 0x030000
Jun  7 18:28:58 johnsnow kernel: [    0.036580] pci 0000:00:02.0: reg 0x10: [mem 0xfc000000-0xfdffffff pref]
Jun  7 18:28:58 johnsnow kernel: [    0.037701] pci 0000:00:02.0: reg 0x14: [mem 0xfead0000-0xfead0fff]
Jun  7 18:28:58 johnsnow kernel: [    0.044570] pci 0000:00:02.0: reg 0x30: [mem 0xfeac0000-0xfeacffff pref]
Jun  7 18:28:58 johnsnow kernel: [    0.044821] pci 0000:00:03.0: [1af4:1002] type 00 class 0x00ff00
Jun  7 18:28:58 johnsnow kernel: [    0.045336] pci 0000:00:03.0: reg 0x10: [io  0xe0a0-0xe0bf]
Jun  7 18:28:58 johnsnow kernel: [    0.048384] pci 0000:00:07.0: [8086:2922] type 00 class 0x010601
Jun  7 18:28:58 johnsnow kernel: [    0.056006] pci 0000:00:07.0: reg 0x20: [io  0xe0c0-0xe0df]
Jun  7 18:28:58 johnsnow kernel: [    0.056956] pci 0000:00:07.0: reg 0x24: [mem 0xfead1000-0xfead1fff]
Jun  7 18:28:58 johnsnow kernel: [    0.058155] pci 0000:00:12.0: [8086:100e] type 00 class 0x020000
Jun  7 18:28:58 johnsnow kernel: [    0.059120] pci 0000:00:12.0: reg 0x10: [mem 0xfea80000-0xfea9ffff]
Jun  7 18:28:58 johnsnow kernel: [    0.060005] pci 0000:00:12.0: reg 0x14: [io  0xe000-0xe03f]
Jun  7 18:28:58 johnsnow kernel: [    0.064976] pci 0000:00:12.0: reg 0x30: [mem 0xfea00000-0xfea3ffff pref]
Jun  7 18:28:58 johnsnow kernel: [    0.065105] pci 0000:00:13.0: [8086:100e] type 00 class 0x020000
Jun  7 18:28:58 johnsnow kernel: [    0.066090] pci 0000:00:13.0: reg 0x10: [mem 0xfeaa0000-0xfeabffff]
Jun  7 18:28:58 johnsnow kernel: [    0.067061] pci 0000:00:13.0: reg 0x14: [io  0xe040-0xe07f]
Jun  7 18:28:58 johnsnow kernel: [    0.073901] pci 0000:00:13.0: reg 0x30: [mem 0xfea40000-0xfea7ffff pref]
Jun  7 18:28:58 johnsnow kernel: [    0.074074] pci 0000:00:1e.0: [1b36:0001] type 01 class 0x060400
Jun  7 18:28:58 johnsnow kernel: [    0.075038] pci 0000:00:1e.0: reg 0x10: [mem 0xfead2000-0xfead20ff 64bit]
Jun  7 18:28:58 johnsnow kernel: [    0.076269] pci 0000:00:1f.0: [1b36:0001] type 01 class 0x060400
Jun  7 18:28:58 johnsnow kernel: [    0.077283] pci 0000:00:1f.0: reg 0x10: [mem 0xfead3000-0xfead30ff 64bit]
Jun  7 18:28:58 johnsnow kernel: [    0.078976] acpiphp: Slot [0] registered
Jun  7 18:28:58 johnsnow kernel: [    0.078989] acpiphp: Slot [1] registered
Jun  7 18:28:58 johnsnow kernel: [    0.078998] acpiphp: Slot [2] registered
Jun  7 18:28:58 johnsnow kernel: [    0.079010] acpiphp: Slot [3-2] registered
Jun  7 18:28:58 johnsnow kernel: [    0.079021] acpiphp: Slot [4-2] registered
Jun  7 18:28:58 johnsnow kernel: [    0.079032] acpiphp: Slot [5-2] registered
Jun  7 18:28:58 johnsnow kernel: [    0.079042] acpiphp: Slot [6-2] registered
Jun  7 18:28:58 johnsnow kernel: [    0.079052] acpiphp: Slot [7-2] registered
Jun  7 18:28:58 johnsnow kernel: [    0.079066] acpiphp: Slot [8-2] registered
Jun  7 18:28:58 johnsnow kernel: [    0.080023] acpiphp: Slot [9-2] registered
Jun  7 18:28:58 johnsnow kernel: [    0.080038] acpiphp: Slot [10-2] registered
Jun  7 18:28:58 johnsnow kernel: [    0.080049] acpiphp: Slot [11-2] registered
Jun  7 18:28:58 johnsnow kernel: [    0.080059] acpiphp: Slot [12-2] registered
Jun  7 18:28:58 johnsnow kernel: [    0.080070] acpiphp: Slot [13-2] registered
Jun  7 18:28:58 johnsnow kernel: [    0.080080] acpiphp: Slot [14-2] registered
Jun  7 18:28:58 johnsnow kernel: [    0.080094] acpiphp: Slot [15-2] registered
Jun  7 18:28:58 johnsnow kernel: [    0.080105] acpiphp: Slot [16-2] registered
Jun  7 18:28:58 johnsnow kernel: [    0.080116] acpiphp: Slot [17-2] registered
Jun  7 18:28:58 johnsnow kernel: [    0.080126] acpiphp: Slot [18-2] registered
Jun  7 18:28:58 johnsnow kernel: [    0.080138] acpiphp: Slot [19-2] registered
Jun  7 18:28:58 johnsnow kernel: [    0.080150] acpiphp: Slot [20-2] registered
Jun  7 18:28:58 johnsnow kernel: [    0.080162] acpiphp: Slot [21-2] registered
Jun  7 18:28:58 johnsnow kernel: [    0.080173] acpiphp: Slot [22-2] registered
Jun  7 18:28:58 johnsnow kernel: [    0.080184] acpiphp: Slot [23-2] registered
Jun  7 18:28:58 johnsnow kernel: [    0.080195] acpiphp: Slot [24-2] registered
Jun  7 18:28:58 johnsnow kernel: [    0.080208] acpiphp: Slot [25-2] registered
Jun  7 18:28:58 johnsnow kernel: [    0.080219] acpiphp: Slot [26-2] registered
Jun  7 18:28:58 johnsnow kernel: [    0.080230] acpiphp: Slot [27-2] registered
Jun  7 18:28:58 johnsnow kernel: [    0.080242] acpiphp: Slot [28-2] registered
Jun  7 18:28:58 johnsnow kernel: [    0.080252] acpiphp: Slot [29-2] registered
Jun  7 18:28:58 johnsnow kernel: [    0.080261] acpiphp: Slot [30] registered
Jun  7 18:28:58 johnsnow kernel: [    0.080270] acpiphp: Slot [31] registered
Jun  7 18:28:58 johnsnow kernel: [    0.080376] pci 0000:00:1e.0: PCI bridge to [bus 01]
Jun  7 18:28:58 johnsnow kernel: [    0.080384] pci 0000:00:1e.0:   bridge window [io  0xd000-0xdfff]
Jun  7 18:28:58 johnsnow kernel: [    0.080392] pci 0000:00:1e.0:   bridge window [mem 0xfe800000-0xfe9fffff]
Jun  7 18:28:58 johnsnow kernel: [    0.080404] pci 0000:00:1e.0:   bridge window [mem 0xfe200000-0xfe3fffff 64bit pref]
Jun  7 18:28:58 johnsnow kernel: [    0.081221] acpiphp: Slot [0-2] registered
Jun  7 18:28:58 johnsnow kernel: [    0.081235] acpiphp: Slot [1-2] registered
Jun  7 18:28:58 johnsnow kernel: [    0.081246] acpiphp: Slot [2-2] registered
Jun  7 18:28:58 johnsnow kernel: [    0.081258] acpiphp: Slot [3-3] registered
Jun  7 18:28:58 johnsnow kernel: [    0.081270] acpiphp: Slot [4-3] registered
Jun  7 18:28:58 johnsnow kernel: [    0.081281] acpiphp: Slot [5-3] registered
Jun  7 18:28:58 johnsnow kernel: [    0.081293] acpiphp: Slot [6-3] registered
Jun  7 18:28:58 johnsnow kernel: [    0.081304] acpiphp: Slot [7-3] registered
Jun  7 18:28:58 johnsnow kernel: [    0.081315] acpiphp: Slot [8-3] registered
Jun  7 18:28:58 johnsnow kernel: [    0.081326] acpiphp: Slot [9-3] registered
Jun  7 18:28:58 johnsnow kernel: [    0.081337] acpiphp: Slot [10-3] registered
Jun  7 18:28:58 johnsnow kernel: [    0.081349] acpiphp: Slot [11-3] registered
Jun  7 18:28:58 johnsnow kernel: [    0.081360] acpiphp: Slot [12-3] registered
Jun  7 18:28:58 johnsnow kernel: [    0.081372] acpiphp: Slot [13-3] registered
Jun  7 18:28:58 johnsnow kernel: [    0.081384] acpiphp: Slot [14-3] registered
Jun  7 18:28:58 johnsnow kernel: [    0.081394] acpiphp: Slot [15-3] registered
Jun  7 18:28:58 johnsnow kernel: [    0.081406] acpiphp: Slot [16-3] registered
Jun  7 18:28:58 johnsnow kernel: [    0.081417] acpiphp: Slot [17-3] registered
Jun  7 18:28:58 johnsnow kernel: [    0.081429] acpiphp: Slot [18-3] registered
Jun  7 18:28:58 johnsnow kernel: [    0.081441] acpiphp: Slot [19-3] registered
Jun  7 18:28:58 johnsnow kernel: [    0.081454] acpiphp: Slot [20-3] registered
Jun  7 18:28:58 johnsnow kernel: [    0.081465] acpiphp: Slot [21-3] registered
Jun  7 18:28:58 johnsnow kernel: [    0.081477] acpiphp: Slot [22-3] registered
Jun  7 18:28:58 johnsnow kernel: [    0.081488] acpiphp: Slot [23-3] registered
Jun  7 18:28:58 johnsnow kernel: [    0.081498] acpiphp: Slot [24-3] registered
Jun  7 18:28:58 johnsnow kernel: [    0.081509] acpiphp: Slot [25-3] registered
Jun  7 18:28:58 johnsnow kernel: [    0.081521] acpiphp: Slot [26-3] registered
Jun  7 18:28:58 johnsnow kernel: [    0.081532] acpiphp: Slot [27-3] registered
Jun  7 18:28:58 johnsnow kernel: [    0.081543] acpiphp: Slot [28-3] registered
Jun  7 18:28:58 johnsnow kernel: [    0.081553] acpiphp: Slot [29-3] registered
Jun  7 18:28:58 johnsnow kernel: [    0.081565] acpiphp: Slot [30-2] registered
Jun  7 18:28:58 johnsnow kernel: [    0.081576] acpiphp: Slot [31-2] registered
Jun  7 18:28:58 johnsnow kernel: [    0.081678] pci 0000:00:1f.0: PCI bridge to [bus 02]
Jun  7 18:28:58 johnsnow kernel: [    0.081686] pci 0000:00:1f.0:   bridge window [io  0xc000-0xcfff]
Jun  7 18:28:58 johnsnow kernel: [    0.081693] pci 0000:00:1f.0:   bridge window [mem 0xfe600000-0xfe7fffff]
Jun  7 18:28:58 johnsnow kernel: [    0.081705] pci 0000:00:1f.0:   bridge window [mem 0xfe000000-0xfe1fffff 64bit pref]
Jun  7 18:28:58 johnsnow kernel: [    0.084537] ACPI: PCI Interrupt Link [LNKA] (IRQs 5 *10 11)
Jun  7 18:28:58 johnsnow kernel: [    0.084586] ACPI: PCI Interrupt Link [LNKB] (IRQs 5 *10 11)
Jun  7 18:28:58 johnsnow kernel: [    0.084623] ACPI: PCI Interrupt Link [LNKC] (IRQs 5 10 *11)
Jun  7 18:28:58 johnsnow kernel: [    0.084674] ACPI: PCI Interrupt Link [LNKD] (IRQs 5 10 *11)
Jun  7 18:28:58 johnsnow kernel: [    0.084694] ACPI: PCI Interrupt Link [LNKS] (IRQs *9)
Jun  7 18:28:58 johnsnow kernel: [    0.084844] ACPI: Enabled 16 GPEs in block 00 to 0F
Jun  7 18:28:58 johnsnow kernel: [    0.085017] vgaarb: setting as boot device: PCI:0000:00:02.0
Jun  7 18:28:58 johnsnow kernel: [    0.085018] vgaarb: device added: PCI:0000:00:02.0,decodes=io+mem,owns=io+mem,locks=none
Jun  7 18:28:58 johnsnow kernel: [    0.085020] vgaarb: loaded
Jun  7 18:28:58 johnsnow kernel: [    0.085020] vgaarb: bridge control possible 0000:00:02.0
Jun  7 18:28:58 johnsnow kernel: [    0.085091] PCI: Using ACPI for IRQ routing
Jun  7 18:28:58 johnsnow kernel: [    0.085093] PCI: pci_cache_line_size set to 64 bytes
Jun  7 18:28:58 johnsnow kernel: [    0.085179] e820: reserve RAM buffer [mem 0x0009fc00-0x0009ffff]
Jun  7 18:28:58 johnsnow kernel: [    0.085182] e820: reserve RAM buffer [mem 0x1ffdf000-0x1fffffff]
Jun  7 18:28:58 johnsnow kernel: [    0.085340] HPET: 3 timers in total, 0 timers will be used for per-cpu timer
Jun  7 18:28:58 johnsnow kernel: [    0.085349] hpet0: at MMIO 0xfed00000, IRQs 2, 8, 0
Jun  7 18:28:58 johnsnow kernel: [    0.085351] hpet0: 3 comparators, 64-bit 100.000000 MHz counter
Jun  7 18:28:58 johnsnow kernel: [    0.088103] Switched to clocksource kvm-clock
Jun  7 18:28:58 johnsnow kernel: [    0.091819] pnp: PnP ACPI init
Jun  7 18:28:58 johnsnow kernel: [    0.091827] ACPI: bus type PNP registered
Jun  7 18:28:58 johnsnow kernel: [    0.091886] pnp 00:00: Plug and Play ACPI device, IDs PNP0b00 (active)
Jun  7 18:28:58 johnsnow kernel: [    0.091917] pnp 00:01: Plug and Play ACPI device, IDs PNP0303 (active)
Jun  7 18:28:58 johnsnow kernel: [    0.091941] pnp 00:02: Plug and Play ACPI device, IDs PNP0f13 (active)
Jun  7 18:28:58 johnsnow kernel: [    0.091962] pnp 00:03: [dma 2]
Jun  7 18:28:58 johnsnow kernel: [    0.091974] pnp 00:03: Plug and Play ACPI device, IDs PNP0700 (active)
Jun  7 18:28:58 johnsnow kernel: [    0.092152] pnp: PnP ACPI: found 4 devices
Jun  7 18:28:58 johnsnow kernel: [    0.092153] ACPI: bus type PNP unregistered
Jun  7 18:28:58 johnsnow kernel: [    0.098472] pci 0000:00:1e.0: PCI bridge to [bus 01]
Jun  7 18:28:58 johnsnow kernel: [    0.098480] pci 0000:00:1e.0:   bridge window [io  0xd000-0xdfff]
Jun  7 18:28:58 johnsnow kernel: [    0.099158] pci 0000:00:1e.0:   bridge window [mem 0xfe800000-0xfe9fffff]
Jun  7 18:28:58 johnsnow kernel: [    0.099696] pci 0000:00:1e.0:   bridge window [mem 0xfe200000-0xfe3fffff 64bit pref]
Jun  7 18:28:58 johnsnow kernel: [    0.100700] pci 0000:00:1f.0: PCI bridge to [bus 02]
Jun  7 18:28:58 johnsnow kernel: [    0.100711] pci 0000:00:1f.0:   bridge window [io  0xc000-0xcfff]
Jun  7 18:28:58 johnsnow kernel: [    0.101483] pci 0000:00:1f.0:   bridge window [mem 0xfe600000-0xfe7fffff]
Jun  7 18:28:58 johnsnow kernel: [    0.101996] pci 0000:00:1f.0:   bridge window [mem 0xfe000000-0xfe1fffff 64bit pref]
Jun  7 18:28:58 johnsnow kernel: [    0.103997] pci_bus 0000:00: resource 4 [io  0x0000-0x0cf7]
Jun  7 18:28:58 johnsnow kernel: [    0.103999] pci_bus 0000:00: resource 5 [io  0x0d00-0xffff]
Jun  7 18:28:58 johnsnow kernel: [    0.104000] pci_bus 0000:00: resource 6 [mem 0x000a0000-0x000bffff]
Jun  7 18:28:58 johnsnow kernel: [    0.104000] pci_bus 0000:00: resource 7 [mem 0x20000000-0xfebfffff]
Jun  7 18:28:58 johnsnow kernel: [    0.104018] pci_bus 0000:01: resource 0 [io  0xd000-0xdfff]
Jun  7 18:28:58 johnsnow kernel: [    0.104018] pci_bus 0000:01: resource 1 [mem 0xfe800000-0xfe9fffff]
Jun  7 18:28:58 johnsnow kernel: [    0.104019] pci_bus 0000:01: resource 2 [mem 0xfe200000-0xfe3fffff 64bit pref]
Jun  7 18:28:58 johnsnow kernel: [    0.104020] pci_bus 0000:02: resource 0 [io  0xc000-0xcfff]
Jun  7 18:28:58 johnsnow kernel: [    0.104021] pci_bus 0000:02: resource 1 [mem 0xfe600000-0xfe7fffff]
Jun  7 18:28:58 johnsnow kernel: [    0.104021] pci_bus 0000:02: resource 2 [mem 0xfe000000-0xfe1fffff 64bit pref]
Jun  7 18:28:58 johnsnow kernel: [    0.104057] NET: Registered protocol family 2
Jun  7 18:28:58 johnsnow kernel: [    0.104211] TCP established hash table entries: 4096 (order: 3, 32768 bytes)
Jun  7 18:28:58 johnsnow kernel: [    0.104226] TCP bind hash table entries: 4096 (order: 4, 65536 bytes)
Jun  7 18:28:58 johnsnow kernel: [    0.104246] TCP: Hash tables configured (established 4096 bind 4096)
Jun  7 18:28:58 johnsnow kernel: [    0.104272] TCP: reno registered
Jun  7 18:28:58 johnsnow kernel: [    0.104274] UDP hash table entries: 256 (order: 1, 8192 bytes)
Jun  7 18:28:58 johnsnow kernel: [    0.104278] UDP-Lite hash table entries: 256 (order: 1, 8192 bytes)
Jun  7 18:28:58 johnsnow kernel: [    0.104305] NET: Registered protocol family 1
Jun  7 18:28:58 johnsnow kernel: [    0.104318] pci 0000:00:00.0: Limiting direct PCI/PCI transfers
Jun  7 18:28:58 johnsnow kernel: [    0.104331] pci 0000:00:01.0: PIIX3: Enabling Passive Release
Jun  7 18:28:58 johnsnow kernel: [    0.104340] pci 0000:00:01.0: Activating ISA DMA hang workarounds
Jun  7 18:28:58 johnsnow kernel: [    0.116297] ACPI: PCI Interrupt Link [LNKD] enabled at IRQ 11
Jun  7 18:28:58 johnsnow kernel: [    0.128460] pci 0000:00:02.0: Video device with shadowed ROM
Jun  7 18:28:58 johnsnow kernel: [    0.128488] PCI: CLS 0 bytes, default 64
Jun  7 18:28:58 johnsnow kernel: [    0.128545] Unpacking initramfs...
Jun  7 18:28:58 johnsnow kernel: [    0.284221] Freeing initrd memory: 14368K (ffff88001e9e5000 - ffff88001f7ed000)
Jun  7 18:28:58 johnsnow kernel: [    0.284390] microcode: CPU0 sig=0xf61, pf=0x1, revision=0x1
Jun  7 18:28:58 johnsnow kernel: [    0.284421] microcode: Microcode Update Driver: v2.00 <tigran@aivazian.fsnet.co.uk>, Peter Oruba
Jun  7 18:28:58 johnsnow kernel: [    0.284555] futex hash table entries: 256 (order: 2, 16384 bytes)
Jun  7 18:28:58 johnsnow kernel: [    0.284582] audit: initializing netlink subsys (disabled)
Jun  7 18:28:58 johnsnow kernel: [    0.284600] audit: type=2000 audit(1465316936.897:1): initialized
Jun  7 18:28:58 johnsnow kernel: [    0.284814] HugeTLB registered 2 MB page size, pre-allocated 0 pages
Jun  7 18:28:58 johnsnow kernel: [    0.284828] zbud: loaded
Jun  7 18:28:58 johnsnow kernel: [    0.284912] VFS: Disk quotas dquot_6.5.2
Jun  7 18:28:58 johnsnow kernel: [    0.284921] Dquot-cache hash table entries: 512 (order 0, 4096 bytes)
Jun  7 18:28:58 johnsnow kernel: [    0.284961] msgmni has been set to 984
Jun  7 18:28:58 johnsnow kernel: [    0.285134] alg: No test for stdrng (krng)
Jun  7 18:28:58 johnsnow kernel: [    0.285143] Block layer SCSI generic (bsg) driver version 0.4 loaded (major 252)
Jun  7 18:28:58 johnsnow kernel: [    0.285168] io scheduler noop registered
Jun  7 18:28:58 johnsnow kernel: [    0.285169] io scheduler deadline registered
Jun  7 18:28:58 johnsnow kernel: [    0.285182] io scheduler cfq registered (default)
Jun  7 18:28:58 johnsnow kernel: [    0.285232] pci_hotplug: PCI Hot Plug PCI Core version: 0.5
Jun  7 18:28:58 johnsnow kernel: [    0.285240] pciehp: PCI Express Hot Plug Controller Driver version: 0.4
Jun  7 18:28:58 johnsnow kernel: [    0.285268] GHES: HEST is not enabled!
Jun  7 18:28:58 johnsnow kernel: [    0.285307] Serial: 8250/16550 driver, 4 ports, IRQ sharing enabled
Jun  7 18:28:58 johnsnow kernel: [    0.285523] Linux agpgart interface v0.103
Jun  7 18:28:58 johnsnow kernel: [    0.285596] i8042: PNP: PS/2 Controller [PNP0303:KBD,PNP0f13:MOU] at 0x60,0x64 irq 1,12
Jun  7 18:28:58 johnsnow kernel: [    0.285987] serio: i8042 KBD port at 0x60,0x64 irq 1
Jun  7 18:28:58 johnsnow kernel: [    0.285990] serio: i8042 AUX port at 0x60,0x64 irq 12
Jun  7 18:28:58 johnsnow kernel: [    0.286073] mousedev: PS/2 mouse device common for all mice
Jun  7 18:28:58 johnsnow kernel: [    0.286110] rtc_cmos 00:00: RTC can wake from S4
Jun  7 18:28:58 johnsnow kernel: [    0.286332] input: AT Translated Set 2 keyboard as /devices/platform/i8042/serio0/input/input0
Jun  7 18:28:58 johnsnow kernel: [    0.286440] rtc_cmos 00:00: rtc core: registered rtc_cmos as rtc0
Jun  7 18:28:58 johnsnow kernel: [    0.286518] rtc_cmos 00:00: alarms up to one day, 114 bytes nvram, hpet irqs
Jun  7 18:28:58 johnsnow kernel: [    0.286528] ledtrig-cpu: registered to indicate activity on CPUs
Jun  7 18:28:58 johnsnow kernel: [    0.286566] AMD IOMMUv2 driver by Joerg Roedel <joerg.roedel@amd.com>
Jun  7 18:28:58 johnsnow kernel: [    0.286567] AMD IOMMUv2 functionality not available on this system
Jun  7 18:28:58 johnsnow kernel: [    0.286612] TCP: cubic registered
Jun  7 18:28:58 johnsnow kernel: [    0.286623] NET: Registered protocol family 10
Jun  7 18:28:58 johnsnow kernel: [    0.286752] mip6: Mobile IPv6
Jun  7 18:28:58 johnsnow kernel: [    0.286754] NET: Registered protocol family 17
Jun  7 18:28:58 johnsnow kernel: [    0.286759] mpls_gso: MPLS GSO support
Jun  7 18:28:58 johnsnow kernel: [    0.286881] registered taskstats version 1
Jun  7 18:28:58 johnsnow kernel: [    0.287122] rtc_cmos 00:00: setting system clock to 2016-06-07 16:28:56 UTC (1465316936)
Jun  7 18:28:58 johnsnow kernel: [    0.287152] PM: Hibernation image not present or could not be loaded.
Jun  7 18:28:58 johnsnow kernel: [    0.287615] Freeing unused kernel memory: 1204K (ffffffff818ee000 - ffffffff81a1b000)
Jun  7 18:28:58 johnsnow kernel: [    0.287615] Write protecting the kernel read-only data: 8192k
Jun  7 18:28:58 johnsnow kernel: [    0.287883] Freeing unused kernel memory: 912K (ffff88000151c000 - ffff880001600000)
Jun  7 18:28:58 johnsnow kernel: [    0.288158] Freeing unused kernel memory: 212K (ffff8800017cb000 - ffff880001800000)
Jun  7 18:28:58 johnsnow kernel: [    0.296233] random: systemd-udevd urandom read with 1 bits of entropy available
Jun  7 18:28:58 johnsnow kernel: [    0.301548] ACPI: bus type USB registered
Jun  7 18:28:58 johnsnow kernel: [    0.301562] usbcore: registered new interface driver usbfs
Jun  7 18:28:58 johnsnow kernel: [    0.301568] usbcore: registered new interface driver hub
Jun  7 18:28:58 johnsnow kernel: [    0.302587] SCSI subsystem initialized
Jun  7 18:28:58 johnsnow kernel: [    0.309476] usbcore: registered new device driver usb
Jun  7 18:28:58 johnsnow kernel: [    0.309764] ehci_hcd: USB 2.0 'Enhanced' Host Controller (EHCI) Driver
Jun  7 18:28:58 johnsnow kernel: [    0.309925] uhci_hcd: USB Universal Host Controller Interface driver
Jun  7 18:28:58 johnsnow kernel: [    0.310633] e1000: Intel(R) PRO/1000 Network Driver - version 7.3.21-k8-NAPI
Jun  7 18:28:58 johnsnow kernel: [    0.310634] e1000: Copyright (c) 1999-2006 Intel Corporation.
Jun  7 18:28:58 johnsnow kernel: [    0.313092] libata version 3.00 loaded.
Jun  7 18:28:58 johnsnow kernel: [    0.328229] FDC 0 is a S82078B
Jun  7 18:28:58 johnsnow kernel: [    0.336673] ACPI: PCI Interrupt Link [LNKC] enabled at IRQ 10
Jun  7 18:28:58 johnsnow kernel: [    0.348530] uhci_hcd 0000:00:01.2: UHCI Host Controller
Jun  7 18:28:58 johnsnow kernel: [    0.348539] uhci_hcd 0000:00:01.2: new USB bus registered, assigned bus number 1
Jun  7 18:28:58 johnsnow kernel: [    0.348550] uhci_hcd 0000:00:01.2: detected 2 ports
Jun  7 18:28:58 johnsnow kernel: [    0.348596] uhci_hcd 0000:00:01.2: irq 11, io base 0x0000e080
Jun  7 18:28:58 johnsnow kernel: [    0.348652] usb usb1: New USB device found, idVendor=1d6b, idProduct=0001
Jun  7 18:28:58 johnsnow kernel: [    0.348653] usb usb1: New USB device strings: Mfr=3, Product=2, SerialNumber=1
Jun  7 18:28:58 johnsnow kernel: [    0.348654] usb usb1: Product: UHCI Host Controller
Jun  7 18:28:58 johnsnow kernel: [    0.348654] usb usb1: Manufacturer: Linux 3.16.0-4-amd64 uhci_hcd
Jun  7 18:28:58 johnsnow kernel: [    0.348655] usb usb1: SerialNumber: 0000:00:01.2
Jun  7 18:28:58 johnsnow kernel: [    0.348786] hub 1-0:1.0: USB hub found
Jun  7 18:28:58 johnsnow kernel: [    0.348789] hub 1-0:1.0: 2 ports detected
Jun  7 18:28:58 johnsnow kernel: [    0.360124] ACPI: PCI Interrupt Link [LNKB] enabled at IRQ 10
Jun  7 18:28:58 johnsnow kernel: [    0.662165] e1000 0000:00:12.0 eth0: (PCI:33MHz:32-bit) 32:33:39:39:31:62
Jun  7 18:28:58 johnsnow kernel: [    0.662169] e1000 0000:00:12.0 eth0: Intel(R) PRO/1000 Network Connection
Jun  7 18:28:58 johnsnow kernel: [    0.662183] ahci 0000:00:07.0: version 3.0
Jun  7 18:28:58 johnsnow kernel: [    0.672909] ahci 0000:00:07.0: irq 40 for MSI/MSI-X
Jun  7 18:28:58 johnsnow kernel: [    0.673068] ahci 0000:00:07.0: AHCI 0001.0000 32 slots 6 ports 1.5 Gbps 0x3f impl SATA mode
Jun  7 18:28:58 johnsnow kernel: [    0.673069] ahci 0000:00:07.0: flags: ncq only 
Jun  7 18:28:58 johnsnow kernel: [    0.673759] scsi0 : ahci
Jun  7 18:28:58 johnsnow kernel: [    0.673815] scsi1 : ahci
Jun  7 18:28:58 johnsnow kernel: [    0.673862] scsi2 : ahci
Jun  7 18:28:58 johnsnow kernel: [    0.673909] scsi3 : ahci
Jun  7 18:28:58 johnsnow kernel: [    0.673956] scsi4 : ahci
Jun  7 18:28:58 johnsnow kernel: [    0.674001] scsi5 : ahci
Jun  7 18:28:58 johnsnow kernel: [    0.674035] ata1: SATA max UDMA/133 abar m4096@0xfead1000 port 0xfead1100 irq 40
Jun  7 18:28:58 johnsnow kernel: [    0.674038] ata2: SATA max UDMA/133 abar m4096@0xfead1000 port 0xfead1180 irq 40
Jun  7 18:28:58 johnsnow kernel: [    0.674043] ata3: SATA max UDMA/133 abar m4096@0xfead1000 port 0xfead1200 irq 40
Jun  7 18:28:58 johnsnow kernel: [    0.674046] ata4: SATA max UDMA/133 abar m4096@0xfead1000 port 0xfead1280 irq 40
Jun  7 18:28:58 johnsnow kernel: [    0.674048] ata5: SATA max UDMA/133 abar m4096@0xfead1000 port 0xfead1300 irq 40
Jun  7 18:28:58 johnsnow kernel: [    0.674051] ata6: SATA max UDMA/133 abar m4096@0xfead1000 port 0xfead1380 irq 40
Jun  7 18:28:58 johnsnow kernel: [    0.674120] ata_piix 0000:00:01.1: version 2.13
Jun  7 18:28:58 johnsnow kernel: [    0.674877] scsi6 : ata_piix
Jun  7 18:28:58 johnsnow kernel: [    0.674978] scsi7 : ata_piix
Jun  7 18:28:58 johnsnow kernel: [    0.675000] ata7: PATA max MWDMA2 cmd 0x1f0 ctl 0x3f6 bmdma 0xe0e0 irq 14
Jun  7 18:28:58 johnsnow kernel: [    0.675001] ata8: PATA max MWDMA2 cmd 0x170 ctl 0x376 bmdma 0xe0e8 irq 15
Jun  7 18:28:58 johnsnow kernel: [    0.952047] ata8.01: NODEV after polling detection
Jun  7 18:28:58 johnsnow kernel: [    0.952209] ata8.00: ATAPI: QEMU DVD-ROM, 2.4.1, max UDMA/100
Jun  7 18:28:58 johnsnow kernel: [    0.952465] ata8.00: configured for MWDMA2
Jun  7 18:28:58 johnsnow kernel: [    0.986164] e1000 0000:00:13.0 eth1: (PCI:33MHz:32-bit) 66:61:31:61:61:36
Jun  7 18:28:58 johnsnow kernel: [    0.986166] e1000 0000:00:13.0 eth1: Intel(R) PRO/1000 Network Connection
Jun  7 18:28:58 johnsnow kernel: [    1.056137] ata6: SATA link down (SStatus 0 SControl 300)
Jun  7 18:28:58 johnsnow kernel: [    1.056199] ata1: SATA link up 1.5 Gbps (SStatus 113 SControl 300)
Jun  7 18:28:58 johnsnow kernel: [    1.056237] ata1.00: ATA-7: QEMU HARDDISK, 2.4.1, max UDMA/100
Jun  7 18:28:58 johnsnow kernel: [    1.056238] ata1.00: 41943040 sectors, multi 16: LBA48 NCQ (depth 31/32)
Jun  7 18:28:58 johnsnow kernel: [    1.056239] ata1.00: applying bridge limits
Jun  7 18:28:58 johnsnow kernel: [    1.056272] ata1.00: configured for UDMA/100
Jun  7 18:28:58 johnsnow kernel: [    1.056363] ata2: SATA link down (SStatus 0 SControl 300)
Jun  7 18:28:58 johnsnow kernel: [    1.056413] ata5: SATA link down (SStatus 0 SControl 300)
Jun  7 18:28:58 johnsnow kernel: [    1.056463] ata3: SATA link down (SStatus 0 SControl 300)
Jun  7 18:28:58 johnsnow kernel: [    1.056513] ata4: SATA link down (SStatus 0 SControl 300)
Jun  7 18:28:58 johnsnow kernel: [    1.056539] scsi 0:0:0:0: Direct-Access     ATA      QEMU HARDDISK    1    PQ: 0 ANSI: 5
Jun  7 18:28:58 johnsnow kernel: [    1.056858] scsi 7:0:0:0: CD-ROM            QEMU     QEMU DVD-ROM     2.4. PQ: 0 ANSI: 5
Jun  7 18:28:58 johnsnow kernel: [    1.060236] usb 1-1: new full-speed USB device number 2 using uhci_hcd
Jun  7 18:28:58 johnsnow kernel: [    1.060312] sd 0:0:0:0: [sda] 41943040 512-byte logical blocks: (21.4 GB/20.0 GiB)
Jun  7 18:28:58 johnsnow kernel: [    1.060329] sd 0:0:0:0: [sda] Write Protect is off
Jun  7 18:28:58 johnsnow kernel: [    1.060330] sd 0:0:0:0: [sda] Mode Sense: 00 3a 00 00
Jun  7 18:28:58 johnsnow kernel: [    1.060335] sd 0:0:0:0: [sda] Write cache: enabled, read cache: enabled, doesn't support DPO or FUA
Jun  7 18:28:58 johnsnow kernel: [    1.060985]  sda: sda1 sda2
Jun  7 18:28:58 johnsnow kernel: [    1.061130] sd 0:0:0:0: [sda] Attached SCSI disk
Jun  7 18:28:58 johnsnow kernel: [    1.064300] sr0: scsi3-mmc drive: 4x/4x cd/rw xa/form2 tray
Jun  7 18:28:58 johnsnow kernel: [    1.064302] cdrom: Uniform CD-ROM driver Revision: 3.20
Jun  7 18:28:58 johnsnow kernel: [    1.064353] sr 7:0:0:0: Attached scsi CD-ROM sr0
Jun  7 18:28:58 johnsnow kernel: [    1.064918] sd 0:0:0:0: Attached scsi generic sg0 type 0
Jun  7 18:28:58 johnsnow kernel: [    1.064947] sr 7:0:0:0: Attached scsi generic sg1 type 5
Jun  7 18:28:58 johnsnow kernel: [    1.123359] PM: Starting manual resume from disk
Jun  7 18:28:58 johnsnow kernel: [    1.123362] PM: Hibernation image partition 8:1 present
Jun  7 18:28:58 johnsnow kernel: [    1.123362] PM: Looking for hibernation image.
Jun  7 18:28:58 johnsnow kernel: [    1.123582] PM: Image not found (code -22)
Jun  7 18:28:58 johnsnow kernel: [    1.123583] PM: Hibernation image not present or could not be loaded.
Jun  7 18:28:58 johnsnow kernel: [    1.162505] EXT4-fs (sda2): mounted filesystem with ordered data mode. Opts: (null)
Jun  7 18:28:58 johnsnow kernel: [    1.224336] usb 1-1: New USB device found, idVendor=0627, idProduct=0001
Jun  7 18:28:58 johnsnow kernel: [    1.224338] usb 1-1: New USB device strings: Mfr=1, Product=3, SerialNumber=5
Jun  7 18:28:58 johnsnow kernel: [    1.224339] usb 1-1: Product: QEMU USB Tablet
Jun  7 18:28:58 johnsnow kernel: [    1.224339] usb 1-1: Manufacturer: QEMU
Jun  7 18:28:58 johnsnow kernel: [    1.224340] usb 1-1: SerialNumber: 42
Jun  7 18:28:58 johnsnow kernel: [    1.284025] tsc: Refined TSC clocksource calibration: 3500.020 MHz
Jun  7 18:28:58 johnsnow kernel: [    1.380534] input: ImExPS/2 Generic Explorer Mouse as /devices/platform/i8042/serio1/input/input2
Jun  7 18:28:58 johnsnow kernel: [    1.403546] input: Power Button as /devices/LNXSYSTM:00/LNXPWRBN:00/input/input3
Jun  7 18:28:58 johnsnow kernel: [    1.403549] ACPI: Power Button [PWRF]
Jun  7 18:28:58 johnsnow kernel: [    1.453382] hidraw: raw HID events driver (C) Jiri Kosina
Jun  7 18:28:58 johnsnow kernel: [    1.457918] [drm] Initialized drm 1.1.0 20060810
Jun  7 18:28:58 johnsnow kernel: [    1.460235] usbcore: registered new interface driver usbhid
Jun  7 18:28:58 johnsnow kernel: [    1.460237] usbhid: USB HID core driver
Jun  7 18:28:58 johnsnow kernel: [    1.463175] shpchp: Standard Hot Plug PCI Controller Driver version: 0.4
Jun  7 18:28:58 johnsnow kernel: [    1.466235] piix4_smbus 0000:00:01.3: SMBus Host Controller at 0x700, revision 0
Jun  7 18:28:58 johnsnow kernel: [    1.467368] input: PC Speaker as /devices/platform/pcspkr/input/input4
Jun  7 18:28:58 johnsnow kernel: [    1.488381] input: QEMU QEMU USB Tablet as /devices/pci0000:00/0000:00:01.2/usb1/1-1/1-1:1.0/0003:0627:0001.0001/input/input5
Jun  7 18:28:58 johnsnow kernel: [    1.488529] hid-generic 0003:0627:0001.0001: input,hidraw0: USB HID v0.01 Pointer [QEMU QEMU USB Tablet] on usb-0000:00:01.2-1/input0
Jun  7 18:28:58 johnsnow kernel: [    1.495901] ppdev: user-space parallel port driver
Jun  7 18:28:58 johnsnow kernel: [    1.517323] Adding 975868k swap on /dev/sda1.  Priority:-1 extents:1 across:975868k FS
Jun  7 18:28:58 johnsnow kernel: [    1.572160] EXT4-fs (sda2): re-mounted. Opts: errors=remount-ro
Jun  7 18:28:58 johnsnow kernel: [    1.701916] IPv6: ADDRCONF(NETDEV_UP): eth0: link is not ready
Jun  7 18:28:58 johnsnow kernel: [    1.704452] e1000: eth0 NIC Link is Up 1000 Mbps Full Duplex, Flow Control: RX
Jun  7 18:28:58 johnsnow kernel: [    1.704700] IPv6: ADDRCONF(NETDEV_CHANGE): eth0: link becomes ready
Jun  7 18:28:58 johnsnow kernel: [    1.749826] IPv6: ADDRCONF(NETDEV_UP): eth1: link is not ready
Jun  7 18:28:58 johnsnow kernel: [    1.752444] e1000: eth1 NIC Link is Up 1000 Mbps Full Duplex, Flow Control: RX
Jun  7 18:28:58 johnsnow kernel: [    1.752705] IPv6: ADDRCONF(NETDEV_CHANGE): eth1: link becomes ready
Jun  7 18:28:58 johnsnow kernel: [    1.813269] RPC: Registered named UNIX socket transport module.
Jun  7 18:28:58 johnsnow kernel: [    1.813271] RPC: Registered udp transport module.
Jun  7 18:28:58 johnsnow kernel: [    1.813271] RPC: Registered tcp transport module.
Jun  7 18:28:58 johnsnow kernel: [    1.813272] RPC: Registered tcp NFSv4.1 backchannel transport module.
Jun  7 18:28:58 johnsnow kernel: [    1.815623] FS-Cache: Loaded
Jun  7 18:28:58 johnsnow kernel: [    1.820235] FS-Cache: Netfs 'nfs' registered for caching
Jun  7 18:28:58 johnsnow kernel: [    1.825877] Installing knfsd (copyright (C) 1996 okir@monad.swb.de).
Jun  7 18:29:04 johnsnow kernel: [    7.824409] random: nonblocking pool is initialized
Jun  8 12:37:45 johnsnow kernel: [    0.000000] Initializing cgroup subsys cpuset
Jun  8 12:37:45 johnsnow kernel: [    0.000000] Initializing cgroup subsys cpu
Jun  8 12:37:45 johnsnow kernel: [    0.000000] Initializing cgroup subsys cpuacct
Jun  8 12:37:45 johnsnow kernel: [    0.000000] Linux version 3.16.0-4-amd64 (debian-kernel@lists.debian.org) (gcc version 4.8.4 (Debian 4.8.4-1) ) #1 SMP Debian 3.16.7-ckt25-2 (2016-04-08)
Jun  8 12:37:45 johnsnow kernel: [    0.000000] Command line: BOOT_IMAGE=/boot/vmlinuz-3.16.0-4-amd64 root=UUID=f0a04bc8-0b69-4c91-b95f-4ffa1fc804d2 ro initrd=/install/initrd.gz quiet
Jun  8 12:37:45 johnsnow kernel: [    0.000000] e820: BIOS-provided physical RAM map:
Jun  8 12:37:45 johnsnow kernel: [    0.000000] BIOS-e820: [mem 0x0000000000000000-0x000000000009fbff] usable
Jun  8 12:37:45 johnsnow kernel: [    0.000000] BIOS-e820: [mem 0x000000000009fc00-0x000000000009ffff] reserved
Jun  8 12:37:45 johnsnow kernel: [    0.000000] BIOS-e820: [mem 0x00000000000f0000-0x00000000000fffff] reserved
Jun  8 12:37:45 johnsnow kernel: [    0.000000] BIOS-e820: [mem 0x0000000000100000-0x000000003ffdefff] usable
Jun  8 12:37:45 johnsnow kernel: [    0.000000] BIOS-e820: [mem 0x000000003ffdf000-0x000000003fffffff] reserved
Jun  8 12:37:45 johnsnow kernel: [    0.000000] BIOS-e820: [mem 0x00000000feffc000-0x00000000feffffff] reserved
Jun  8 12:37:45 johnsnow kernel: [    0.000000] BIOS-e820: [mem 0x00000000fffc0000-0x00000000ffffffff] reserved
Jun  8 12:37:45 johnsnow kernel: [    0.000000] NX (Execute Disable) protection: active
Jun  8 12:37:45 johnsnow kernel: [    0.000000] SMBIOS 0.8 present.
Jun  8 12:37:45 johnsnow kernel: [    0.000000] DMI: QEMU Standard PC (i440FX + PIIX, 1996), BIOS rel-1.8.2-0-g33fbe13 by qemu-project.org 04/01/2014
Jun  8 12:37:45 johnsnow kernel: [    0.000000] Hypervisor detected: KVM
Jun  8 12:37:45 johnsnow kernel: [    0.000000] e820: update [mem 0x00000000-0x00000fff] usable ==> reserved
Jun  8 12:37:45 johnsnow kernel: [    0.000000] e820: remove [mem 0x000a0000-0x000fffff] usable
Jun  8 12:37:45 johnsnow kernel: [    0.000000] AGP: No AGP bridge found
Jun  8 12:37:45 johnsnow kernel: [    0.000000] e820: last_pfn = 0x3ffdf max_arch_pfn = 0x400000000
Jun  8 12:37:45 johnsnow kernel: [    0.000000] MTRR default type: write-back
Jun  8 12:37:45 johnsnow kernel: [    0.000000] MTRR fixed ranges enabled:
Jun  8 12:37:45 johnsnow kernel: [    0.000000]   00000-9FFFF write-back
Jun  8 12:37:45 johnsnow kernel: [    0.000000]   A0000-BFFFF uncachable
Jun  8 12:37:45 johnsnow kernel: [    0.000000]   C0000-FFFFF write-protect
Jun  8 12:37:45 johnsnow kernel: [    0.000000] MTRR variable ranges enabled:
Jun  8 12:37:45 johnsnow kernel: [    0.000000]   0 base 0080000000 mask FF80000000 uncachable
Jun  8 12:37:45 johnsnow kernel: [    0.000000]   1 disabled
Jun  8 12:37:45 johnsnow kernel: [    0.000000]   2 disabled
Jun  8 12:37:45 johnsnow kernel: [    0.000000]   3 disabled
Jun  8 12:37:45 johnsnow kernel: [    0.000000]   4 disabled
Jun  8 12:37:45 johnsnow kernel: [    0.000000]   5 disabled
Jun  8 12:37:45 johnsnow kernel: [    0.000000]   6 disabled
Jun  8 12:37:45 johnsnow kernel: [    0.000000]   7 disabled
Jun  8 12:37:45 johnsnow kernel: [    0.000000] x86 PAT enabled: cpu 0, old 0x7040600070406, new 0x7010600070106
Jun  8 12:37:45 johnsnow kernel: [    0.000000] found SMP MP-table at [mem 0x000f6490-0x000f649f] mapped at [ffff8800000f6490]
Jun  8 12:37:45 johnsnow kernel: [    0.000000] Base memory trampoline at [ffff880000099000] 99000 size 24576
Jun  8 12:37:45 johnsnow kernel: [    0.000000] init_memory_mapping: [mem 0x00000000-0x000fffff]
Jun  8 12:37:45 johnsnow kernel: [    0.000000]  [mem 0x00000000-0x000fffff] page 4k
Jun  8 12:37:45 johnsnow kernel: [    0.000000] BRK [0x01af4000, 0x01af4fff] PGTABLE
Jun  8 12:37:45 johnsnow kernel: [    0.000000] BRK [0x01af5000, 0x01af5fff] PGTABLE
Jun  8 12:37:45 johnsnow kernel: [    0.000000] BRK [0x01af6000, 0x01af6fff] PGTABLE
Jun  8 12:37:45 johnsnow kernel: [    0.000000] init_memory_mapping: [mem 0x3fc00000-0x3fdfffff]
Jun  8 12:37:45 johnsnow kernel: [    0.000000]  [mem 0x3fc00000-0x3fdfffff] page 2M
Jun  8 12:37:45 johnsnow kernel: [    0.000000] init_memory_mapping: [mem 0x3c000000-0x3fbfffff]
Jun  8 12:37:45 johnsnow kernel: [    0.000000]  [mem 0x3c000000-0x3fbfffff] page 2M
Jun  8 12:37:45 johnsnow kernel: [    0.000000] init_memory_mapping: [mem 0x00100000-0x3bffffff]
Jun  8 12:37:45 johnsnow kernel: [    0.000000]  [mem 0x00100000-0x001fffff] page 4k
Jun  8 12:37:45 johnsnow kernel: [    0.000000]  [mem 0x00200000-0x3bffffff] page 2M
Jun  8 12:37:45 johnsnow kernel: [    0.000000] init_memory_mapping: [mem 0x3fe00000-0x3ffdefff]
Jun  8 12:37:45 johnsnow kernel: [    0.000000]  [mem 0x3fe00000-0x3ffdefff] page 4k
Jun  8 12:37:45 johnsnow kernel: [    0.000000] BRK [0x01af7000, 0x01af7fff] PGTABLE
Jun  8 12:37:45 johnsnow kernel: [    0.000000] RAMDISK: [mem 0x363e0000-0x371e7fff]
Jun  8 12:37:45 johnsnow kernel: [    0.000000] ACPI: Early table checksum verification disabled
Jun  8 12:37:45 johnsnow kernel: [    0.000000] ACPI: RSDP 0x00000000000F62A0 000014 (v00 BOCHS )
Jun  8 12:37:45 johnsnow kernel: [    0.000000] ACPI: RSDT 0x000000003FFE2538 000034 (v01 BOCHS  BXPCRSDT 00000001 BXPC 00000001)
Jun  8 12:37:45 johnsnow kernel: [    0.000000] ACPI: FACP 0x000000003FFE0BDA 000074 (v01 BOCHS  BXPCFACP 00000001 BXPC 00000001)
Jun  8 12:37:45 johnsnow kernel: [    0.000000] ACPI: DSDT 0x000000003FFE0040 000B9A (v01 BOCHS  BXPCDSDT 00000001 BXPC 00000001)
Jun  8 12:37:45 johnsnow kernel: [    0.000000] ACPI: FACS 0x000000003FFE0000 000040
Jun  8 12:37:45 johnsnow kernel: [    0.000000] ACPI: SSDT 0x000000003FFE0C4E 00183A (v01 BOCHS  BXPCSSDT 00000001 BXPC 00000001)
Jun  8 12:37:45 johnsnow kernel: [    0.000000] ACPI: APIC 0x000000003FFE2488 000078 (v01 BOCHS  BXPCAPIC 00000001 BXPC 00000001)
Jun  8 12:37:45 johnsnow kernel: [    0.000000] ACPI: HPET 0x000000003FFE2500 000038 (v01 BOCHS  BXPCHPET 00000001 BXPC 00000001)
Jun  8 12:37:45 johnsnow kernel: [    0.000000] ACPI: Local APIC address 0xfee00000
Jun  8 12:37:45 johnsnow kernel: [    0.000000] No NUMA configuration found
Jun  8 12:37:45 johnsnow kernel: [    0.000000] Faking a node at [mem 0x0000000000000000-0x000000003ffdefff]
Jun  8 12:37:45 johnsnow kernel: [    0.000000] Initmem setup node 0 [mem 0x00000000-0x3ffdefff]
Jun  8 12:37:45 johnsnow kernel: [    0.000000]   NODE_DATA [mem 0x3ffda000-0x3ffdefff]
Jun  8 12:37:45 johnsnow kernel: [    0.000000] kvm-clock: Using msrs 4b564d01 and 4b564d00
Jun  8 12:37:45 johnsnow kernel: [    0.000000] kvm-clock: cpu 0, msr 0:3ffd2001, primary cpu clock
Jun  8 12:37:45 johnsnow kernel: [    0.000000]  [ffffea0000000000-ffffea0000dfffff] PMD -> [ffff88003e600000-ffff88003f3fffff] on node 0
Jun  8 12:37:45 johnsnow kernel: [    0.000000] Zone ranges:
Jun  8 12:37:45 johnsnow kernel: [    0.000000]   DMA      [mem 0x00001000-0x00ffffff]
Jun  8 12:37:45 johnsnow kernel: [    0.000000]   DMA32    [mem 0x01000000-0xffffffff]
Jun  8 12:37:45 johnsnow kernel: [    0.000000]   Normal   empty
Jun  8 12:37:45 johnsnow kernel: [    0.000000] Movable zone start for each node
Jun  8 12:37:45 johnsnow kernel: [    0.000000] Early memory node ranges
Jun  8 12:37:45 johnsnow kernel: [    0.000000]   node   0: [mem 0x00001000-0x0009efff]
Jun  8 12:37:45 johnsnow kernel: [    0.000000]   node   0: [mem 0x00100000-0x3ffdefff]
Jun  8 12:37:45 johnsnow kernel: [    0.000000] On node 0 totalpages: 262013
Jun  8 12:37:45 johnsnow kernel: [    0.000000]   DMA zone: 56 pages used for memmap
Jun  8 12:37:45 johnsnow kernel: [    0.000000]   DMA zone: 21 pages reserved
Jun  8 12:37:45 johnsnow kernel: [    0.000000]   DMA zone: 3998 pages, LIFO batch:0
Jun  8 12:37:45 johnsnow kernel: [    0.000000]   DMA32 zone: 3528 pages used for memmap
Jun  8 12:37:45 johnsnow kernel: [    0.000000]   DMA32 zone: 258015 pages, LIFO batch:31
Jun  8 12:37:45 johnsnow kernel: [    0.000000] ACPI: PM-Timer IO Port: 0x608
Jun  8 12:37:45 johnsnow kernel: [    0.000000] ACPI: Local APIC address 0xfee00000
Jun  8 12:37:45 johnsnow kernel: [    0.000000] ACPI: LAPIC (acpi_id[0x00] lapic_id[0x00] enabled)
Jun  8 12:37:45 johnsnow kernel: [    0.000000] ACPI: LAPIC_NMI (acpi_id[0xff] dfl dfl lint[0x1])
Jun  8 12:37:45 johnsnow kernel: [    0.000000] ACPI: IOAPIC (id[0x00] address[0xfec00000] gsi_base[0])
Jun  8 12:37:45 johnsnow kernel: [    0.000000] IOAPIC[0]: apic_id 0, version 17, address 0xfec00000, GSI 0-23
Jun  8 12:37:45 johnsnow kernel: [    0.000000] ACPI: INT_SRC_OVR (bus 0 bus_irq 0 global_irq 2 dfl dfl)
Jun  8 12:37:45 johnsnow kernel: [    0.000000] ACPI: INT_SRC_OVR (bus 0 bus_irq 5 global_irq 5 high level)
Jun  8 12:37:45 johnsnow kernel: [    0.000000] ACPI: INT_SRC_OVR (bus 0 bus_irq 9 global_irq 9 high level)
Jun  8 12:37:45 johnsnow kernel: [    0.000000] ACPI: INT_SRC_OVR (bus 0 bus_irq 10 global_irq 10 high level)
Jun  8 12:37:45 johnsnow kernel: [    0.000000] ACPI: INT_SRC_OVR (bus 0 bus_irq 11 global_irq 11 high level)
Jun  8 12:37:45 johnsnow kernel: [    0.000000] ACPI: IRQ0 used by override.
Jun  8 12:37:45 johnsnow kernel: [    0.000000] ACPI: IRQ2 used by override.
Jun  8 12:37:45 johnsnow kernel: [    0.000000] ACPI: IRQ5 used by override.
Jun  8 12:37:45 johnsnow kernel: [    0.000000] ACPI: IRQ9 used by override.
Jun  8 12:37:45 johnsnow kernel: [    0.000000] ACPI: IRQ10 used by override.
Jun  8 12:37:45 johnsnow kernel: [    0.000000] ACPI: IRQ11 used by override.
Jun  8 12:37:45 johnsnow kernel: [    0.000000] Using ACPI (MADT) for SMP configuration information
Jun  8 12:37:45 johnsnow kernel: [    0.000000] ACPI: HPET id: 0x8086a201 base: 0xfed00000
Jun  8 12:37:45 johnsnow kernel: [    0.000000] smpboot: Allowing 1 CPUs, 0 hotplug CPUs
Jun  8 12:37:45 johnsnow kernel: [    0.000000] nr_irqs_gsi: 40
Jun  8 12:37:45 johnsnow kernel: [    0.000000] PM: Registered nosave memory: [mem 0x0009f000-0x0009ffff]
Jun  8 12:37:45 johnsnow kernel: [    0.000000] PM: Registered nosave memory: [mem 0x000a0000-0x000effff]
Jun  8 12:37:45 johnsnow kernel: [    0.000000] PM: Registered nosave memory: [mem 0x000f0000-0x000fffff]
Jun  8 12:37:45 johnsnow kernel: [    0.000000] e820: [mem 0x40000000-0xfeffbfff] available for PCI devices
Jun  8 12:37:45 johnsnow kernel: [    0.000000] Booting paravirtualized kernel on KVM
Jun  8 12:37:45 johnsnow kernel: [    0.000000] setup_percpu: NR_CPUS:512 nr_cpumask_bits:512 nr_cpu_ids:1 nr_node_ids:1
Jun  8 12:37:45 johnsnow kernel: [    0.000000] PERCPU: Embedded 27 pages/cpu @ffff88003fc00000 s80896 r8192 d21504 u2097152
Jun  8 12:37:45 johnsnow kernel: [    0.000000] pcpu-alloc: s80896 r8192 d21504 u2097152 alloc=1*2097152
Jun  8 12:37:45 johnsnow kernel: [    0.000000] pcpu-alloc: [0] 0 
Jun  8 12:37:45 johnsnow kernel: [    0.000000] KVM setup async PF for cpu 0
Jun  8 12:37:45 johnsnow kernel: [    0.000000] kvm-stealtime: cpu 0, msr 3fc0d080
Jun  8 12:37:45 johnsnow kernel: [    0.000000] Built 1 zonelists in Node order, mobility grouping on.  Total pages: 258408
Jun  8 12:37:45 johnsnow kernel: [    0.000000] Policy zone: DMA32
Jun  8 12:37:45 johnsnow kernel: [    0.000000] Kernel command line: BOOT_IMAGE=/boot/vmlinuz-3.16.0-4-amd64 root=UUID=f0a04bc8-0b69-4c91-b95f-4ffa1fc804d2 ro initrd=/install/initrd.gz quiet
Jun  8 12:37:45 johnsnow kernel: [    0.000000] PID hash table entries: 4096 (order: 3, 32768 bytes)
Jun  8 12:37:45 johnsnow kernel: [    0.000000] AGP: Checking aperture...
Jun  8 12:37:45 johnsnow kernel: [    0.000000] AGP: No AGP bridge found
Jun  8 12:37:45 johnsnow kernel: [    0.000000] Calgary: detecting Calgary via BIOS EBDA area
Jun  8 12:37:45 johnsnow kernel: [    0.000000] Calgary: Unable to locate Rio Grande table in EBDA - bailing!
Jun  8 12:37:45 johnsnow kernel: [    0.000000] Memory: 1007612K/1048052K available (5222K kernel code, 947K rwdata, 1836K rodata, 1204K init, 840K bss, 40440K reserved)
Jun  8 12:37:45 johnsnow kernel: [    0.000000] Hierarchical RCU implementation.
Jun  8 12:37:45 johnsnow kernel: [    0.000000] 	RCU dyntick-idle grace-period acceleration is enabled.
Jun  8 12:37:45 johnsnow kernel: [    0.000000] 	RCU restricting CPUs from NR_CPUS=512 to nr_cpu_ids=1.
Jun  8 12:37:45 johnsnow kernel: [    0.000000] RCU: Adjusting geometry for rcu_fanout_leaf=16, nr_cpu_ids=1
Jun  8 12:37:45 johnsnow kernel: [    0.000000] NR_IRQS:33024 nr_irqs:256 16
Jun  8 12:37:45 johnsnow kernel: [    0.000000] Console: colour VGA+ 80x25
Jun  8 12:37:45 johnsnow kernel: [    0.000000] console [tty0] enabled
Jun  8 12:37:45 johnsnow kernel: [    0.000000] hpet clockevent registered
Jun  8 12:37:45 johnsnow kernel: [    0.000000] tsc: Detected 3500.138 MHz processor
Jun  8 12:37:45 johnsnow kernel: [    0.008000] Calibrating delay loop (skipped) preset value.. 7000.27 BogoMIPS (lpj=14000552)
Jun  8 12:37:45 johnsnow kernel: [    0.008000] pid_max: default: 32768 minimum: 301
Jun  8 12:37:45 johnsnow kernel: [    0.008000] ACPI: Core revision 20140424
Jun  8 12:37:45 johnsnow kernel: [    0.008000] ACPI: All ACPI Tables successfully acquired
Jun  8 12:37:45 johnsnow kernel: [    0.008000] Security Framework initialized
Jun  8 12:37:45 johnsnow kernel: [    0.008000] AppArmor: AppArmor disabled by boot time parameter
Jun  8 12:37:45 johnsnow kernel: [    0.008000] Yama: disabled by default; enable with sysctl kernel.yama.*
Jun  8 12:37:45 johnsnow kernel: [    0.008000] Dentry cache hash table entries: 131072 (order: 8, 1048576 bytes)
Jun  8 12:37:45 johnsnow kernel: [    0.008000] Inode-cache hash table entries: 65536 (order: 7, 524288 bytes)
Jun  8 12:37:45 johnsnow kernel: [    0.008000] Mount-cache hash table entries: 2048 (order: 2, 16384 bytes)
Jun  8 12:37:45 johnsnow kernel: [    0.008000] Mountpoint-cache hash table entries: 2048 (order: 2, 16384 bytes)
Jun  8 12:37:45 johnsnow kernel: [    0.008000] Initializing cgroup subsys memory
Jun  8 12:37:45 johnsnow kernel: [    0.008000] Initializing cgroup subsys devices
Jun  8 12:37:45 johnsnow kernel: [    0.008000] Initializing cgroup subsys freezer
Jun  8 12:37:45 johnsnow kernel: [    0.008000] Initializing cgroup subsys net_cls
Jun  8 12:37:45 johnsnow kernel: [    0.008000] Initializing cgroup subsys blkio
Jun  8 12:37:45 johnsnow kernel: [    0.008000] Initializing cgroup subsys perf_event
Jun  8 12:37:45 johnsnow kernel: [    0.008000] Initializing cgroup subsys net_prio
Jun  8 12:37:45 johnsnow kernel: [    0.008000] mce: CPU supports 10 MCE banks
Jun  8 12:37:45 johnsnow kernel: [    0.008000] Last level iTLB entries: 4KB 0, 2MB 0, 4MB 0
Jun  8 12:37:45 johnsnow kernel: [    0.008000] Last level dTLB entries: 4KB 0, 2MB 0, 4MB 0, 1GB 0
Jun  8 12:37:45 johnsnow kernel: [    0.008000] tlb_flushall_shift: 6
Jun  8 12:37:45 johnsnow kernel: [    0.012960] Freeing SMP alternatives memory: 20K (ffffffff81a1b000 - ffffffff81a20000)
Jun  8 12:37:45 johnsnow kernel: [    0.014384] ftrace: allocating 21683 entries in 85 pages
Jun  8 12:37:45 johnsnow kernel: [    0.020174] Enabling x2apic
Jun  8 12:37:45 johnsnow kernel: [    0.020178] Enabled x2apic
Jun  8 12:37:45 johnsnow kernel: [    0.020300] Switched APIC routing to physical x2apic.
Jun  8 12:37:45 johnsnow kernel: [    0.020919] ..TIMER: vector=0x30 apic1=0 pin1=2 apic2=-1 pin2=-1
Jun  8 12:37:45 johnsnow kernel: [    0.020920] smpboot: CPU0: Intel Common KVM processor (fam: 0f, model: 06, stepping: 01)
Jun  8 12:37:45 johnsnow kernel: [    0.024000] Performance Events: unsupported Netburst CPU model 6 no PMU driver, software events only.
Jun  8 12:37:45 johnsnow kernel: [    0.024000] x86: Booted up 1 node, 1 CPUs
Jun  8 12:37:45 johnsnow kernel: [    0.024000] smpboot: Total of 1 processors activated (7000.27 BogoMIPS)
Jun  8 12:37:45 johnsnow kernel: [    0.024000] devtmpfs: initialized
Jun  8 12:37:45 johnsnow kernel: [    0.024000] NMI watchdog: disabled (cpu0): hardware events not enabled
Jun  8 12:37:45 johnsnow kernel: [    0.024000] pinctrl core: initialized pinctrl subsystem
Jun  8 12:37:45 johnsnow kernel: [    0.024000] NET: Registered protocol family 16
Jun  8 12:37:45 johnsnow kernel: [    0.024000] cpuidle: using governor ladder
Jun  8 12:37:45 johnsnow kernel: [    0.024000] cpuidle: using governor menu
Jun  8 12:37:45 johnsnow kernel: [    0.024000] ACPI: bus type PCI registered
Jun  8 12:37:45 johnsnow kernel: [    0.024000] acpiphp: ACPI Hot Plug PCI Controller Driver version: 0.5
Jun  8 12:37:45 johnsnow kernel: [    0.024000] PCI: Using configuration type 1 for base access
Jun  8 12:37:45 johnsnow kernel: [    0.024000] ACPI: Added _OSI(Module Device)
Jun  8 12:37:45 johnsnow kernel: [    0.024000] ACPI: Added _OSI(Processor Device)
Jun  8 12:37:45 johnsnow kernel: [    0.024000] ACPI: Added _OSI(3.0 _SCP Extensions)
Jun  8 12:37:45 johnsnow kernel: [    0.024000] ACPI: Added _OSI(Processor Aggregator Device)
Jun  8 12:37:45 johnsnow kernel: [    0.024672] ACPI: Interpreter enabled
Jun  8 12:37:45 johnsnow kernel: [    0.024674] ACPI Exception: AE_NOT_FOUND, While evaluating Sleep State [\_S1_] (20140424/hwxface-580)
Jun  8 12:37:45 johnsnow kernel: [    0.024676] ACPI Exception: AE_NOT_FOUND, While evaluating Sleep State [\_S2_] (20140424/hwxface-580)
Jun  8 12:37:45 johnsnow kernel: [    0.024681] ACPI: (supports S0 S3 S4 S5)
Jun  8 12:37:45 johnsnow kernel: [    0.024682] ACPI: Using IOAPIC for interrupt routing
Jun  8 12:37:45 johnsnow kernel: [    0.024690] PCI: Using host bridge windows from ACPI; if necessary, use "pci=nocrs" and report a bug
Jun  8 12:37:45 johnsnow kernel: [    0.027162] ACPI: PCI Root Bridge [PCI0] (domain 0000 [bus 00-ff])
Jun  8 12:37:45 johnsnow kernel: [    0.027165] acpi PNP0A03:00: _OSC: OS supports [ASPM ClockPM Segments MSI]
Jun  8 12:37:45 johnsnow kernel: [    0.027167] acpi PNP0A03:00: _OSC failed (AE_NOT_FOUND); disabling ASPM
Jun  8 12:37:45 johnsnow kernel: [    0.027178] acpi PNP0A03:00: fail to add MMCONFIG information, can't access extended PCI configuration space under this bridge.
Jun  8 12:37:45 johnsnow kernel: [    0.027320] acpiphp: Slot [3] registered
Jun  8 12:37:45 johnsnow kernel: [    0.027331] acpiphp: Slot [4] registered
Jun  8 12:37:45 johnsnow kernel: [    0.027340] acpiphp: Slot [5] registered
Jun  8 12:37:45 johnsnow kernel: [    0.027349] acpiphp: Slot [6] registered
Jun  8 12:37:45 johnsnow kernel: [    0.027357] acpiphp: Slot [7] registered
Jun  8 12:37:45 johnsnow kernel: [    0.027366] acpiphp: Slot [8] registered
Jun  8 12:37:45 johnsnow kernel: [    0.027374] acpiphp: Slot [9] registered
Jun  8 12:37:45 johnsnow kernel: [    0.027382] acpiphp: Slot [10] registered
Jun  8 12:37:45 johnsnow kernel: [    0.027392] acpiphp: Slot [11] registered
Jun  8 12:37:45 johnsnow kernel: [    0.027401] acpiphp: Slot [12] registered
Jun  8 12:37:45 johnsnow kernel: [    0.027410] acpiphp: Slot [13] registered
Jun  8 12:37:45 johnsnow kernel: [    0.027418] acpiphp: Slot [14] registered
Jun  8 12:37:45 johnsnow kernel: [    0.027426] acpiphp: Slot [15] registered
Jun  8 12:37:45 johnsnow kernel: [    0.027434] acpiphp: Slot [16] registered
Jun  8 12:37:45 johnsnow kernel: [    0.027445] acpiphp: Slot [17] registered
Jun  8 12:37:45 johnsnow kernel: [    0.027456] acpiphp: Slot [18] registered
Jun  8 12:37:45 johnsnow kernel: [    0.027465] acpiphp: Slot [19] registered
Jun  8 12:37:45 johnsnow kernel: [    0.027473] acpiphp: Slot [20] registered
Jun  8 12:37:45 johnsnow kernel: [    0.027482] acpiphp: Slot [21] registered
Jun  8 12:37:45 johnsnow kernel: [    0.027490] acpiphp: Slot [22] registered
Jun  8 12:37:45 johnsnow kernel: [    0.027498] acpiphp: Slot [23] registered
Jun  8 12:37:45 johnsnow kernel: [    0.027509] acpiphp: Slot [24] registered
Jun  8 12:37:45 johnsnow kernel: [    0.027519] acpiphp: Slot [25] registered
Jun  8 12:37:45 johnsnow kernel: [    0.027528] acpiphp: Slot [26] registered
Jun  8 12:37:45 johnsnow kernel: [    0.027538] acpiphp: Slot [27] registered
Jun  8 12:37:45 johnsnow kernel: [    0.027547] acpiphp: Slot [28] registered
Jun  8 12:37:45 johnsnow kernel: [    0.027555] acpiphp: Slot [29] registered
Jun  8 12:37:45 johnsnow kernel: [    0.027570] PCI host bridge to bus 0000:00
Jun  8 12:37:45 johnsnow kernel: [    0.027571] pci_bus 0000:00: root bus resource [bus 00-ff]
Jun  8 12:37:45 johnsnow kernel: [    0.027573] pci_bus 0000:00: root bus resource [io  0x0000-0x0cf7]
Jun  8 12:37:45 johnsnow kernel: [    0.027573] pci_bus 0000:00: root bus resource [io  0x0d00-0xffff]
Jun  8 12:37:45 johnsnow kernel: [    0.027574] pci_bus 0000:00: root bus resource [mem 0x000a0000-0x000bffff]
Jun  8 12:37:45 johnsnow kernel: [    0.027575] pci_bus 0000:00: root bus resource [mem 0x40000000-0xfebfffff]
Jun  8 12:37:45 johnsnow kernel: [    0.027591] pci 0000:00:00.0: [8086:1237] type 00 class 0x060000
Jun  8 12:37:45 johnsnow kernel: [    0.027750] pci 0000:00:01.0: [8086:7000] type 00 class 0x060100
Jun  8 12:37:45 johnsnow kernel: [    0.027963] pci 0000:00:01.1: [8086:7010] type 00 class 0x010180
Jun  8 12:37:45 johnsnow kernel: [    0.030289] pci 0000:00:01.1: reg 0x20: [io  0xe0e0-0xe0ef]
Jun  8 12:37:45 johnsnow kernel: [    0.031341] pci 0000:00:01.1: legacy IDE quirk: reg 0x10: [io  0x01f0-0x01f7]
Jun  8 12:37:45 johnsnow kernel: [    0.031343] pci 0000:00:01.1: legacy IDE quirk: reg 0x14: [io  0x03f6]
Jun  8 12:37:45 johnsnow kernel: [    0.031343] pci 0000:00:01.1: legacy IDE quirk: reg 0x18: [io  0x0170-0x0177]
Jun  8 12:37:45 johnsnow kernel: [    0.031344] pci 0000:00:01.1: legacy IDE quirk: reg 0x1c: [io  0x0376]
Jun  8 12:37:45 johnsnow kernel: [    0.031449] pci 0000:00:01.2: [8086:7020] type 00 class 0x0c0300
Jun  8 12:37:45 johnsnow kernel: [    0.034357] pci 0000:00:01.2: reg 0x20: [io  0xe080-0xe09f]
Jun  8 12:37:45 johnsnow kernel: [    0.035502] pci 0000:00:01.3: [8086:7113] type 00 class 0x068000
Jun  8 12:37:45 johnsnow kernel: [    0.035655] pci 0000:00:01.3: quirk: [io  0x0600-0x063f] claimed by PIIX4 ACPI
Jun  8 12:37:45 johnsnow kernel: [    0.035660] pci 0000:00:01.3: quirk: [io  0x0700-0x070f] claimed by PIIX4 SMB
Jun  8 12:37:45 johnsnow kernel: [    0.035761] pci 0000:00:02.0: [1013:00b8] type 00 class 0x030000
Jun  8 12:37:45 johnsnow kernel: [    0.036625] pci 0000:00:02.0: reg 0x10: [mem 0xfc000000-0xfdffffff pref]
Jun  8 12:37:45 johnsnow kernel: [    0.040032] pci 0000:00:02.0: reg 0x14: [mem 0xfead0000-0xfead0fff]
Jun  8 12:37:45 johnsnow kernel: [    0.045710] pci 0000:00:02.0: reg 0x30: [mem 0xfeac0000-0xfeacffff pref]
Jun  8 12:37:45 johnsnow kernel: [    0.045991] pci 0000:00:03.0: [1af4:1002] type 00 class 0x00ff00
Jun  8 12:37:45 johnsnow kernel: [    0.046495] pci 0000:00:03.0: reg 0x10: [io  0xe0a0-0xe0bf]
Jun  8 12:37:45 johnsnow kernel: [    0.051382] pci 0000:00:07.0: [8086:2922] type 00 class 0x010601
Jun  8 12:37:45 johnsnow kernel: [    0.056493] pci 0000:00:07.0: reg 0x20: [io  0xe0c0-0xe0df]
Jun  8 12:37:45 johnsnow kernel: [    0.057477] pci 0000:00:07.0: reg 0x24: [mem 0xfead1000-0xfead1fff]
Jun  8 12:37:45 johnsnow kernel: [    0.058705] pci 0000:00:12.0: [8086:100e] type 00 class 0x020000
Jun  8 12:37:45 johnsnow kernel: [    0.059730] pci 0000:00:12.0: reg 0x10: [mem 0xfea80000-0xfea9ffff]
Jun  8 12:37:45 johnsnow kernel: [    0.060516] pci 0000:00:12.0: reg 0x14: [io  0xe000-0xe03f]
Jun  8 12:37:45 johnsnow kernel: [    0.067531] pci 0000:00:12.0: reg 0x30: [mem 0xfea00000-0xfea3ffff pref]
Jun  8 12:37:45 johnsnow kernel: [    0.068125] pci 0000:00:13.0: [8086:100e] type 00 class 0x020000
Jun  8 12:37:45 johnsnow kernel: [    0.069133] pci 0000:00:13.0: reg 0x10: [mem 0xfeaa0000-0xfeabffff]
Jun  8 12:37:45 johnsnow kernel: [    0.070106] pci 0000:00:13.0: reg 0x14: [io  0xe040-0xe07f]
Jun  8 12:37:45 johnsnow kernel: [    0.074996] pci 0000:00:13.0: reg 0x30: [mem 0xfea40000-0xfea7ffff pref]
Jun  8 12:37:45 johnsnow kernel: [    0.075172] pci 0000:00:1e.0: [1b36:0001] type 01 class 0x060400
Jun  8 12:37:45 johnsnow kernel: [    0.076552] pci 0000:00:1e.0: reg 0x10: [mem 0xfead2000-0xfead20ff 64bit]
Jun  8 12:37:45 johnsnow kernel: [    0.077840] pci 0000:00:1f.0: [1b36:0001] type 01 class 0x060400
Jun  8 12:37:45 johnsnow kernel: [    0.080580] pci 0000:00:1f.0: reg 0x10: [mem 0xfead3000-0xfead30ff 64bit]
Jun  8 12:37:45 johnsnow kernel: [    0.082316] acpiphp: Slot [0] registered
Jun  8 12:37:45 johnsnow kernel: [    0.082329] acpiphp: Slot [1] registered
Jun  8 12:37:45 johnsnow kernel: [    0.082338] acpiphp: Slot [2] registered
Jun  8 12:37:45 johnsnow kernel: [    0.082349] acpiphp: Slot [3-2] registered
Jun  8 12:37:45 johnsnow kernel: [    0.082362] acpiphp: Slot [4-2] registered
Jun  8 12:37:45 johnsnow kernel: [    0.082373] acpiphp: Slot [5-2] registered
Jun  8 12:37:45 johnsnow kernel: [    0.082384] acpiphp: Slot [6-2] registered
Jun  8 12:37:45 johnsnow kernel: [    0.082394] acpiphp: Slot [7-2] registered
Jun  8 12:37:45 johnsnow kernel: [    0.082406] acpiphp: Slot [8-2] registered
Jun  8 12:37:45 johnsnow kernel: [    0.082416] acpiphp: Slot [9-2] registered
Jun  8 12:37:45 johnsnow kernel: [    0.082428] acpiphp: Slot [10-2] registered
Jun  8 12:37:45 johnsnow kernel: [    0.082441] acpiphp: Slot [11-2] registered
Jun  8 12:37:45 johnsnow kernel: [    0.082453] acpiphp: Slot [12-2] registered
Jun  8 12:37:45 johnsnow kernel: [    0.082463] acpiphp: Slot [13-2] registered
Jun  8 12:37:45 johnsnow kernel: [    0.082474] acpiphp: Slot [14-2] registered
Jun  8 12:37:45 johnsnow kernel: [    0.082485] acpiphp: Slot [15-2] registered
Jun  8 12:37:45 johnsnow kernel: [    0.082495] acpiphp: Slot [16-2] registered
Jun  8 12:37:45 johnsnow kernel: [    0.082505] acpiphp: Slot [17-2] registered
Jun  8 12:37:45 johnsnow kernel: [    0.082517] acpiphp: Slot [18-2] registered
Jun  8 12:37:45 johnsnow kernel: [    0.082529] acpiphp: Slot [19-2] registered
Jun  8 12:37:45 johnsnow kernel: [    0.082542] acpiphp: Slot [20-2] registered
Jun  8 12:37:45 johnsnow kernel: [    0.082553] acpiphp: Slot [21-2] registered
Jun  8 12:37:45 johnsnow kernel: [    0.082564] acpiphp: Slot [22-2] registered
Jun  8 12:37:45 johnsnow kernel: [    0.082574] acpiphp: Slot [23-2] registered
Jun  8 12:37:45 johnsnow kernel: [    0.082586] acpiphp: Slot [24-2] registered
Jun  8 12:37:45 johnsnow kernel: [    0.082599] acpiphp: Slot [25-2] registered
Jun  8 12:37:45 johnsnow kernel: [    0.082609] acpiphp: Slot [26-2] registered
Jun  8 12:37:45 johnsnow kernel: [    0.082619] acpiphp: Slot [27-2] registered
Jun  8 12:37:45 johnsnow kernel: [    0.082630] acpiphp: Slot [28-2] registered
Jun  8 12:37:45 johnsnow kernel: [    0.082640] acpiphp: Slot [29-2] registered
Jun  8 12:37:45 johnsnow kernel: [    0.082648] acpiphp: Slot [30] registered
Jun  8 12:37:45 johnsnow kernel: [    0.082659] acpiphp: Slot [31] registered
Jun  8 12:37:45 johnsnow kernel: [    0.082764] pci 0000:00:1e.0: PCI bridge to [bus 01]
Jun  8 12:37:45 johnsnow kernel: [    0.082772] pci 0000:00:1e.0:   bridge window [io  0xd000-0xdfff]
Jun  8 12:37:45 johnsnow kernel: [    0.082779] pci 0000:00:1e.0:   bridge window [mem 0xfe800000-0xfe9fffff]
Jun  8 12:37:45 johnsnow kernel: [    0.082792] pci 0000:00:1e.0:   bridge window [mem 0xfe200000-0xfe3fffff 64bit pref]
Jun  8 12:37:45 johnsnow kernel: [    0.083552] acpiphp: Slot [0-2] registered
Jun  8 12:37:45 johnsnow kernel: [    0.083567] acpiphp: Slot [1-2] registered
Jun  8 12:37:45 johnsnow kernel: [    0.083581] acpiphp: Slot [2-2] registered
Jun  8 12:37:45 johnsnow kernel: [    0.083592] acpiphp: Slot [3-3] registered
Jun  8 12:37:45 johnsnow kernel: [    0.083603] acpiphp: Slot [4-3] registered
Jun  8 12:37:45 johnsnow kernel: [    0.083613] acpiphp: Slot [5-3] registered
Jun  8 12:37:45 johnsnow kernel: [    0.083623] acpiphp: Slot [6-3] registered
Jun  8 12:37:45 johnsnow kernel: [    0.083633] acpiphp: Slot [7-3] registered
Jun  8 12:37:45 johnsnow kernel: [    0.083643] acpiphp: Slot [8-3] registered
Jun  8 12:37:45 johnsnow kernel: [    0.083657] acpiphp: Slot [9-3] registered
Jun  8 12:37:45 johnsnow kernel: [    0.083669] acpiphp: Slot [10-3] registered
Jun  8 12:37:45 johnsnow kernel: [    0.083681] acpiphp: Slot [11-3] registered
Jun  8 12:37:45 johnsnow kernel: [    0.083692] acpiphp: Slot [12-3] registered
Jun  8 12:37:45 johnsnow kernel: [    0.083703] acpiphp: Slot [13-3] registered
Jun  8 12:37:45 johnsnow kernel: [    0.083714] acpiphp: Slot [14-3] registered
Jun  8 12:37:45 johnsnow kernel: [    0.083726] acpiphp: Slot [15-3] registered
Jun  8 12:37:45 johnsnow kernel: [    0.084006] acpiphp: Slot [16-3] registered
Jun  8 12:37:45 johnsnow kernel: [    0.084020] acpiphp: Slot [17-3] registered
Jun  8 12:37:45 johnsnow kernel: [    0.084031] acpiphp: Slot [18-3] registered
Jun  8 12:37:45 johnsnow kernel: [    0.084042] acpiphp: Slot [19-3] registered
Jun  8 12:37:45 johnsnow kernel: [    0.084057] acpiphp: Slot [20-3] registered
Jun  8 12:37:45 johnsnow kernel: [    0.084069] acpiphp: Slot [21-3] registered
Jun  8 12:37:45 johnsnow kernel: [    0.084084] acpiphp: Slot [22-3] registered
Jun  8 12:37:45 johnsnow kernel: [    0.084096] acpiphp: Slot [23-3] registered
Jun  8 12:37:45 johnsnow kernel: [    0.084107] acpiphp: Slot [24-3] registered
Jun  8 12:37:45 johnsnow kernel: [    0.084118] acpiphp: Slot [25-3] registered
Jun  8 12:37:45 johnsnow kernel: [    0.084129] acpiphp: Slot [26-3] registered
Jun  8 12:37:45 johnsnow kernel: [    0.084140] acpiphp: Slot [27-3] registered
Jun  8 12:37:45 johnsnow kernel: [    0.084151] acpiphp: Slot [28-3] registered
Jun  8 12:37:45 johnsnow kernel: [    0.084175] acpiphp: Slot [29-3] registered
Jun  8 12:37:45 johnsnow kernel: [    0.084188] acpiphp: Slot [30-2] registered
Jun  8 12:37:45 johnsnow kernel: [    0.084200] acpiphp: Slot [31-2] registered
Jun  8 12:37:45 johnsnow kernel: [    0.084302] pci 0000:00:1f.0: PCI bridge to [bus 02]
Jun  8 12:37:45 johnsnow kernel: [    0.084309] pci 0000:00:1f.0:   bridge window [io  0xc000-0xcfff]
Jun  8 12:37:45 johnsnow kernel: [    0.084316] pci 0000:00:1f.0:   bridge window [mem 0xfe600000-0xfe7fffff]
Jun  8 12:37:45 johnsnow kernel: [    0.084328] pci 0000:00:1f.0:   bridge window [mem 0xfe000000-0xfe1fffff 64bit pref]
Jun  8 12:37:45 johnsnow kernel: [    0.085982] ACPI: PCI Interrupt Link [LNKA] (IRQs 5 *10 11)
Jun  8 12:37:45 johnsnow kernel: [    0.086030] ACPI: PCI Interrupt Link [LNKB] (IRQs 5 *10 11)
Jun  8 12:37:45 johnsnow kernel: [    0.086070] ACPI: PCI Interrupt Link [LNKC] (IRQs 5 10 *11)
Jun  8 12:37:45 johnsnow kernel: [    0.086107] ACPI: PCI Interrupt Link [LNKD] (IRQs 5 10 *11)
Jun  8 12:37:45 johnsnow kernel: [    0.086128] ACPI: PCI Interrupt Link [LNKS] (IRQs *9)
Jun  8 12:37:45 johnsnow kernel: [    0.086279] ACPI: Enabled 16 GPEs in block 00 to 0F
Jun  8 12:37:45 johnsnow kernel: [    0.086455] vgaarb: setting as boot device: PCI:0000:00:02.0
Jun  8 12:37:45 johnsnow kernel: [    0.086456] vgaarb: device added: PCI:0000:00:02.0,decodes=io+mem,owns=io+mem,locks=none
Jun  8 12:37:45 johnsnow kernel: [    0.086458] vgaarb: loaded
Jun  8 12:37:45 johnsnow kernel: [    0.086458] vgaarb: bridge control possible 0000:00:02.0
Jun  8 12:37:45 johnsnow kernel: [    0.086528] PCI: Using ACPI for IRQ routing
Jun  8 12:37:45 johnsnow kernel: [    0.086530] PCI: pci_cache_line_size set to 64 bytes
Jun  8 12:37:45 johnsnow kernel: [    0.086616] e820: reserve RAM buffer [mem 0x0009fc00-0x0009ffff]
Jun  8 12:37:45 johnsnow kernel: [    0.086618] e820: reserve RAM buffer [mem 0x3ffdf000-0x3fffffff]
Jun  8 12:37:45 johnsnow kernel: [    0.086780] HPET: 3 timers in total, 0 timers will be used for per-cpu timer
Jun  8 12:37:45 johnsnow kernel: [    0.086789] hpet0: at MMIO 0xfed00000, IRQs 2, 8, 0
Jun  8 12:37:45 johnsnow kernel: [    0.086791] hpet0: 3 comparators, 64-bit 100.000000 MHz counter
Jun  8 12:37:45 johnsnow kernel: [    0.090268] Switched to clocksource kvm-clock
Jun  8 12:37:45 johnsnow kernel: [    0.091906] pnp: PnP ACPI init
Jun  8 12:37:45 johnsnow kernel: [    0.091915] ACPI: bus type PNP registered
Jun  8 12:37:45 johnsnow kernel: [    0.091967] pnp 00:00: Plug and Play ACPI device, IDs PNP0b00 (active)
Jun  8 12:37:45 johnsnow kernel: [    0.092002] pnp 00:01: Plug and Play ACPI device, IDs PNP0303 (active)
Jun  8 12:37:45 johnsnow kernel: [    0.092034] pnp 00:02: Plug and Play ACPI device, IDs PNP0f13 (active)
Jun  8 12:37:45 johnsnow kernel: [    0.092054] pnp 00:03: [dma 2]
Jun  8 12:37:45 johnsnow kernel: [    0.092064] pnp 00:03: Plug and Play ACPI device, IDs PNP0700 (active)
Jun  8 12:37:45 johnsnow kernel: [    0.092215] pnp: PnP ACPI: found 4 devices
Jun  8 12:37:45 johnsnow kernel: [    0.092216] ACPI: bus type PNP unregistered
Jun  8 12:37:45 johnsnow kernel: [    0.098774] pci 0000:00:1e.0: PCI bridge to [bus 01]
Jun  8 12:37:45 johnsnow kernel: [    0.098782] pci 0000:00:1e.0:   bridge window [io  0xd000-0xdfff]
Jun  8 12:37:45 johnsnow kernel: [    0.099552] pci 0000:00:1e.0:   bridge window [mem 0xfe800000-0xfe9fffff]
Jun  8 12:37:45 johnsnow kernel: [    0.100059] pci 0000:00:1e.0:   bridge window [mem 0xfe200000-0xfe3fffff 64bit pref]
Jun  8 12:37:45 johnsnow kernel: [    0.101049] pci 0000:00:1f.0: PCI bridge to [bus 02]
Jun  8 12:37:45 johnsnow kernel: [    0.101056] pci 0000:00:1f.0:   bridge window [io  0xc000-0xcfff]
Jun  8 12:37:45 johnsnow kernel: [    0.102200] pci 0000:00:1f.0:   bridge window [mem 0xfe600000-0xfe7fffff]
Jun  8 12:37:45 johnsnow kernel: [    0.102746] pci 0000:00:1f.0:   bridge window [mem 0xfe000000-0xfe1fffff 64bit pref]
Jun  8 12:37:45 johnsnow kernel: [    0.104036] pci_bus 0000:00: resource 4 [io  0x0000-0x0cf7]
Jun  8 12:37:45 johnsnow kernel: [    0.104037] pci_bus 0000:00: resource 5 [io  0x0d00-0xffff]
Jun  8 12:37:45 johnsnow kernel: [    0.104038] pci_bus 0000:00: resource 6 [mem 0x000a0000-0x000bffff]
Jun  8 12:37:45 johnsnow kernel: [    0.104039] pci_bus 0000:00: resource 7 [mem 0x40000000-0xfebfffff]
Jun  8 12:37:45 johnsnow kernel: [    0.104041] pci_bus 0000:01: resource 0 [io  0xd000-0xdfff]
Jun  8 12:37:45 johnsnow kernel: [    0.104041] pci_bus 0000:01: resource 1 [mem 0xfe800000-0xfe9fffff]
Jun  8 12:37:45 johnsnow kernel: [    0.104042] pci_bus 0000:01: resource 2 [mem 0xfe200000-0xfe3fffff 64bit pref]
Jun  8 12:37:45 johnsnow kernel: [    0.104043] pci_bus 0000:02: resource 0 [io  0xc000-0xcfff]
Jun  8 12:37:45 johnsnow kernel: [    0.104044] pci_bus 0000:02: resource 1 [mem 0xfe600000-0xfe7fffff]
Jun  8 12:37:45 johnsnow kernel: [    0.104045] pci_bus 0000:02: resource 2 [mem 0xfe000000-0xfe1fffff 64bit pref]
Jun  8 12:37:45 johnsnow kernel: [    0.104078] NET: Registered protocol family 2
Jun  8 12:37:45 johnsnow kernel: [    0.104232] TCP established hash table entries: 8192 (order: 4, 65536 bytes)
Jun  8 12:37:45 johnsnow kernel: [    0.104259] TCP bind hash table entries: 8192 (order: 5, 131072 bytes)
Jun  8 12:37:45 johnsnow kernel: [    0.104299] TCP: Hash tables configured (established 8192 bind 8192)
Jun  8 12:37:45 johnsnow kernel: [    0.104344] TCP: reno registered
Jun  8 12:37:45 johnsnow kernel: [    0.104346] UDP hash table entries: 512 (order: 2, 16384 bytes)
Jun  8 12:37:45 johnsnow kernel: [    0.104352] UDP-Lite hash table entries: 512 (order: 2, 16384 bytes)
Jun  8 12:37:45 johnsnow kernel: [    0.104387] NET: Registered protocol family 1
Jun  8 12:37:45 johnsnow kernel: [    0.104402] pci 0000:00:00.0: Limiting direct PCI/PCI transfers
Jun  8 12:37:45 johnsnow kernel: [    0.104412] pci 0000:00:01.0: PIIX3: Enabling Passive Release
Jun  8 12:37:45 johnsnow kernel: [    0.104421] pci 0000:00:01.0: Activating ISA DMA hang workarounds
Jun  8 12:37:45 johnsnow kernel: [    0.116480] ACPI: PCI Interrupt Link [LNKD] enabled at IRQ 11
Jun  8 12:37:45 johnsnow kernel: [    0.128829] pci 0000:00:02.0: Video device with shadowed ROM
Jun  8 12:37:45 johnsnow kernel: [    0.128861] PCI: CLS 0 bytes, default 64
Jun  8 12:37:45 johnsnow kernel: [    0.128928] Unpacking initramfs...
Jun  8 12:37:45 johnsnow kernel: [    0.284895] Freeing initrd memory: 14368K (ffff8800363e0000 - ffff8800371e8000)
Jun  8 12:37:45 johnsnow kernel: [    0.285082] microcode: CPU0 sig=0xf61, pf=0x1, revision=0x1
Jun  8 12:37:45 johnsnow kernel: [    0.285111] microcode: Microcode Update Driver: v2.00 <tigran@aivazian.fsnet.co.uk>, Peter Oruba
Jun  8 12:37:45 johnsnow kernel: [    0.285256] futex hash table entries: 256 (order: 2, 16384 bytes)
Jun  8 12:37:45 johnsnow kernel: [    0.285283] audit: initializing netlink subsys (disabled)
Jun  8 12:37:45 johnsnow kernel: [    0.285302] audit: type=2000 audit(1465382264.502:1): initialized
Jun  8 12:37:45 johnsnow kernel: [    0.285490] HugeTLB registered 2 MB page size, pre-allocated 0 pages
Jun  8 12:37:45 johnsnow kernel: [    0.285506] zbud: loaded
Jun  8 12:37:45 johnsnow kernel: [    0.285596] VFS: Disk quotas dquot_6.5.2
Jun  8 12:37:45 johnsnow kernel: [    0.285606] Dquot-cache hash table entries: 512 (order 0, 4096 bytes)
Jun  8 12:37:45 johnsnow kernel: [    0.285645] msgmni has been set to 1996
Jun  8 12:37:45 johnsnow kernel: [    0.285818] alg: No test for stdrng (krng)
Jun  8 12:37:45 johnsnow kernel: [    0.285828] Block layer SCSI generic (bsg) driver version 0.4 loaded (major 252)
Jun  8 12:37:45 johnsnow kernel: [    0.285857] io scheduler noop registered
Jun  8 12:37:45 johnsnow kernel: [    0.285858] io scheduler deadline registered
Jun  8 12:37:45 johnsnow kernel: [    0.285872] io scheduler cfq registered (default)
Jun  8 12:37:45 johnsnow kernel: [    0.285924] pci_hotplug: PCI Hot Plug PCI Core version: 0.5
Jun  8 12:37:45 johnsnow kernel: [    0.285934] pciehp: PCI Express Hot Plug Controller Driver version: 0.4
Jun  8 12:37:45 johnsnow kernel: [    0.285962] GHES: HEST is not enabled!
Jun  8 12:37:45 johnsnow kernel: [    0.286001] Serial: 8250/16550 driver, 4 ports, IRQ sharing enabled
Jun  8 12:37:45 johnsnow kernel: [    0.286235] Linux agpgart interface v0.103
Jun  8 12:37:45 johnsnow kernel: [    0.286312] i8042: PNP: PS/2 Controller [PNP0303:KBD,PNP0f13:MOU] at 0x60,0x64 irq 1,12
Jun  8 12:37:45 johnsnow kernel: [    0.286721] serio: i8042 KBD port at 0x60,0x64 irq 1
Jun  8 12:37:45 johnsnow kernel: [    0.286724] serio: i8042 AUX port at 0x60,0x64 irq 12
Jun  8 12:37:45 johnsnow kernel: [    0.286797] mousedev: PS/2 mouse device common for all mice
Jun  8 12:37:45 johnsnow kernel: [    0.286839] rtc_cmos 00:00: RTC can wake from S4
Jun  8 12:37:45 johnsnow kernel: [    0.287071] input: AT Translated Set 2 keyboard as /devices/platform/i8042/serio0/input/input0
Jun  8 12:37:45 johnsnow kernel: [    0.287184] rtc_cmos 00:00: rtc core: registered rtc_cmos as rtc0
Jun  8 12:37:45 johnsnow kernel: [    0.287266] rtc_cmos 00:00: alarms up to one day, 114 bytes nvram, hpet irqs
Jun  8 12:37:45 johnsnow kernel: [    0.287277] ledtrig-cpu: registered to indicate activity on CPUs
Jun  8 12:37:45 johnsnow kernel: [    0.287317] AMD IOMMUv2 driver by Joerg Roedel <joerg.roedel@amd.com>
Jun  8 12:37:45 johnsnow kernel: [    0.287317] AMD IOMMUv2 functionality not available on this system
Jun  8 12:37:45 johnsnow kernel: [    0.287366] TCP: cubic registered
Jun  8 12:37:45 johnsnow kernel: [    0.287379] NET: Registered protocol family 10
Jun  8 12:37:45 johnsnow kernel: [    0.287510] mip6: Mobile IPv6
Jun  8 12:37:45 johnsnow kernel: [    0.287512] NET: Registered protocol family 17
Jun  8 12:37:45 johnsnow kernel: [    0.287517] mpls_gso: MPLS GSO support
Jun  8 12:37:45 johnsnow kernel: [    0.287651] registered taskstats version 1
Jun  8 12:37:45 johnsnow kernel: [    0.287904] rtc_cmos 00:00: setting system clock to 2016-06-08 10:37:43 UTC (1465382263)
Jun  8 12:37:45 johnsnow kernel: [    0.287936] PM: Hibernation image not present or could not be loaded.
Jun  8 12:37:45 johnsnow kernel: [    0.288414] Freeing unused kernel memory: 1204K (ffffffff818ee000 - ffffffff81a1b000)
Jun  8 12:37:45 johnsnow kernel: [    0.288415] Write protecting the kernel read-only data: 8192k
Jun  8 12:37:45 johnsnow kernel: [    0.288695] Freeing unused kernel memory: 912K (ffff88000151c000 - ffff880001600000)
Jun  8 12:37:45 johnsnow kernel: [    0.288954] Freeing unused kernel memory: 212K (ffff8800017cb000 - ffff880001800000)
Jun  8 12:37:45 johnsnow kernel: [    0.296250] random: systemd-udevd urandom read with 1 bits of entropy available
Jun  8 12:37:45 johnsnow kernel: [    0.301569] ACPI: bus type USB registered
Jun  8 12:37:45 johnsnow kernel: [    0.301587] usbcore: registered new interface driver usbfs
Jun  8 12:37:45 johnsnow kernel: [    0.301592] usbcore: registered new interface driver hub
Jun  8 12:37:45 johnsnow kernel: [    0.302798] SCSI subsystem initialized
Jun  8 12:37:45 johnsnow kernel: [    0.313841] e1000: Intel(R) PRO/1000 Network Driver - version 7.3.21-k8-NAPI
Jun  8 12:37:45 johnsnow kernel: [    0.313842] e1000: Copyright (c) 1999-2006 Intel Corporation.
Jun  8 12:37:45 johnsnow kernel: [    0.315104] usbcore: registered new device driver usb
Jun  8 12:37:45 johnsnow kernel: [    0.315384] ehci_hcd: USB 2.0 'Enhanced' Host Controller (EHCI) Driver
Jun  8 12:37:45 johnsnow kernel: [    0.315582] uhci_hcd: USB Universal Host Controller Interface driver
Jun  8 12:37:45 johnsnow kernel: [    0.315976] libata version 3.00 loaded.
Jun  8 12:37:45 johnsnow kernel: [    0.332308] FDC 0 is a S82078B
Jun  8 12:37:45 johnsnow kernel: [    0.343918] ACPI: PCI Interrupt Link [LNKC] enabled at IRQ 10
Jun  8 12:37:45 johnsnow kernel: [    0.355318] ACPI: PCI Interrupt Link [LNKB] enabled at IRQ 10
Jun  8 12:37:45 johnsnow kernel: [    0.672277] e1000 0000:00:12.0 eth0: (PCI:33MHz:32-bit) 32:33:39:39:31:62
Jun  8 12:37:45 johnsnow kernel: [    0.672282] e1000 0000:00:12.0 eth0: Intel(R) PRO/1000 Network Connection
Jun  8 12:37:45 johnsnow kernel: [    0.694625] uhci_hcd 0000:00:01.2: UHCI Host Controller
Jun  8 12:37:45 johnsnow kernel: [    0.694631] uhci_hcd 0000:00:01.2: new USB bus registered, assigned bus number 1
Jun  8 12:37:45 johnsnow kernel: [    0.694640] uhci_hcd 0000:00:01.2: detected 2 ports
Jun  8 12:37:45 johnsnow kernel: [    0.694683] uhci_hcd 0000:00:01.2: irq 11, io base 0x0000e080
Jun  8 12:37:45 johnsnow kernel: [    0.694725] usb usb1: New USB device found, idVendor=1d6b, idProduct=0001
Jun  8 12:37:45 johnsnow kernel: [    0.694726] usb usb1: New USB device strings: Mfr=3, Product=2, SerialNumber=1
Jun  8 12:37:45 johnsnow kernel: [    0.694727] usb usb1: Product: UHCI Host Controller
Jun  8 12:37:45 johnsnow kernel: [    0.694728] usb usb1: Manufacturer: Linux 3.16.0-4-amd64 uhci_hcd
Jun  8 12:37:45 johnsnow kernel: [    0.694728] usb usb1: SerialNumber: 0000:00:01.2
Jun  8 12:37:45 johnsnow kernel: [    0.694835] hub 1-0:1.0: USB hub found
Jun  8 12:37:45 johnsnow kernel: [    0.694838] hub 1-0:1.0: 2 ports detected
Jun  8 12:37:45 johnsnow kernel: [    0.694903] ahci 0000:00:07.0: version 3.0
Jun  8 12:37:45 johnsnow kernel: [    0.715180] ahci 0000:00:07.0: irq 40 for MSI/MSI-X
Jun  8 12:37:45 johnsnow kernel: [    0.715379] ahci 0000:00:07.0: AHCI 0001.0000 32 slots 6 ports 1.5 Gbps 0x3f impl SATA mode
Jun  8 12:37:45 johnsnow kernel: [    0.715380] ahci 0000:00:07.0: flags: ncq only 
Jun  8 12:37:45 johnsnow kernel: [    0.716232] scsi0 : ahci
Jun  8 12:37:45 johnsnow kernel: [    0.716302] scsi1 : ahci
Jun  8 12:37:45 johnsnow kernel: [    0.716360] scsi2 : ahci
Jun  8 12:37:45 johnsnow kernel: [    0.716413] scsi3 : ahci
Jun  8 12:37:45 johnsnow kernel: [    0.716485] scsi4 : ahci
Jun  8 12:37:45 johnsnow kernel: [    0.716537] scsi5 : ahci
Jun  8 12:37:45 johnsnow kernel: [    0.716566] ata1: SATA max UDMA/133 abar m4096@0xfead1000 port 0xfead1100 irq 40
Jun  8 12:37:45 johnsnow kernel: [    0.716569] ata2: SATA max UDMA/133 abar m4096@0xfead1000 port 0xfead1180 irq 40
Jun  8 12:37:45 johnsnow kernel: [    0.716574] ata3: SATA max UDMA/133 abar m4096@0xfead1000 port 0xfead1200 irq 40
Jun  8 12:37:45 johnsnow kernel: [    0.716577] ata4: SATA max UDMA/133 abar m4096@0xfead1000 port 0xfead1280 irq 40
Jun  8 12:37:45 johnsnow kernel: [    0.716579] ata5: SATA max UDMA/133 abar m4096@0xfead1000 port 0xfead1300 irq 40
Jun  8 12:37:45 johnsnow kernel: [    0.716582] ata6: SATA max UDMA/133 abar m4096@0xfead1000 port 0xfead1380 irq 40
Jun  8 12:37:45 johnsnow kernel: [    0.716638] ata_piix 0000:00:01.1: version 2.13
Jun  8 12:37:45 johnsnow kernel: [    0.717389] scsi6 : ata_piix
Jun  8 12:37:45 johnsnow kernel: [    0.717495] scsi7 : ata_piix
Jun  8 12:37:45 johnsnow kernel: [    0.717518] ata7: PATA max MWDMA2 cmd 0x1f0 ctl 0x3f6 bmdma 0xe0e0 irq 14
Jun  8 12:37:45 johnsnow kernel: [    0.717519] ata8: PATA max MWDMA2 cmd 0x170 ctl 0x376 bmdma 0xe0e8 irq 15
Jun  8 12:37:45 johnsnow kernel: [    0.996061] ata8.01: NODEV after polling detection
Jun  8 12:37:45 johnsnow kernel: [    0.996222] ata8.00: ATAPI: QEMU DVD-ROM, 2.4.1, max UDMA/100
Jun  8 12:37:45 johnsnow kernel: [    0.996477] ata8.00: configured for MWDMA2
Jun  8 12:37:45 johnsnow kernel: [    1.030315] e1000 0000:00:13.0 eth1: (PCI:33MHz:32-bit) 66:61:31:61:61:36
Jun  8 12:37:45 johnsnow kernel: [    1.030317] e1000 0000:00:13.0 eth1: Intel(R) PRO/1000 Network Connection
Jun  8 12:37:45 johnsnow kernel: [    1.100076] ata5: SATA link down (SStatus 0 SControl 300)
Jun  8 12:37:45 johnsnow kernel: [    1.100133] ata3: SATA link down (SStatus 0 SControl 300)
Jun  8 12:37:45 johnsnow kernel: [    1.100184] ata4: SATA link down (SStatus 0 SControl 300)
Jun  8 12:37:45 johnsnow kernel: [    1.100234] ata6: SATA link down (SStatus 0 SControl 300)
Jun  8 12:37:45 johnsnow kernel: [    1.100288] ata1: SATA link up 1.5 Gbps (SStatus 113 SControl 300)
Jun  8 12:37:45 johnsnow kernel: [    1.100336] ata1.00: ATA-7: QEMU HARDDISK, 2.4.1, max UDMA/100
Jun  8 12:37:45 johnsnow kernel: [    1.100337] ata1.00: 41943040 sectors, multi 16: LBA48 NCQ (depth 31/32)
Jun  8 12:37:45 johnsnow kernel: [    1.100338] ata1.00: applying bridge limits
Jun  8 12:37:45 johnsnow kernel: [    1.100385] ata1.00: configured for UDMA/100
Jun  8 12:37:45 johnsnow kernel: [    1.100480] ata2: SATA link down (SStatus 0 SControl 300)
Jun  8 12:37:45 johnsnow kernel: [    1.100508] scsi 0:0:0:0: Direct-Access     ATA      QEMU HARDDISK    1    PQ: 0 ANSI: 5
Jun  8 12:37:45 johnsnow kernel: [    1.100844] scsi 7:0:0:0: CD-ROM            QEMU     QEMU DVD-ROM     2.4. PQ: 0 ANSI: 5
Jun  8 12:37:45 johnsnow kernel: [    1.104596] sd 0:0:0:0: [sda] 41943040 512-byte logical blocks: (21.4 GB/20.0 GiB)
Jun  8 12:37:45 johnsnow kernel: [    1.104614] sd 0:0:0:0: [sda] Write Protect is off
Jun  8 12:37:45 johnsnow kernel: [    1.104615] sd 0:0:0:0: [sda] Mode Sense: 00 3a 00 00
Jun  8 12:37:45 johnsnow kernel: [    1.104620] sd 0:0:0:0: [sda] Write cache: enabled, read cache: enabled, doesn't support DPO or FUA
Jun  8 12:37:45 johnsnow kernel: [    1.105930]  sda: sda1 sda2
Jun  8 12:37:45 johnsnow kernel: [    1.106104] sd 0:0:0:0: [sda] Attached SCSI disk
Jun  8 12:37:45 johnsnow kernel: [    1.108265] sr0: scsi3-mmc drive: 4x/4x cd/rw xa/form2 tray
Jun  8 12:37:45 johnsnow kernel: [    1.108267] cdrom: Uniform CD-ROM driver Revision: 3.20
Jun  8 12:37:45 johnsnow kernel: [    1.108322] sr 7:0:0:0: Attached scsi CD-ROM sr0
Jun  8 12:37:45 johnsnow kernel: [    1.108885] sd 0:0:0:0: Attached scsi generic sg0 type 0
Jun  8 12:37:45 johnsnow kernel: [    1.108915] sr 7:0:0:0: Attached scsi generic sg1 type 5
Jun  8 12:37:45 johnsnow kernel: [    1.171911] PM: Starting manual resume from disk
Jun  8 12:37:45 johnsnow kernel: [    1.171914] PM: Hibernation image partition 8:1 present
Jun  8 12:37:45 johnsnow kernel: [    1.171915] PM: Looking for hibernation image.
Jun  8 12:37:45 johnsnow kernel: [    1.172225] PM: Image not found (code -22)
Jun  8 12:37:45 johnsnow kernel: [    1.172226] PM: Hibernation image not present or could not be loaded.
Jun  8 12:37:45 johnsnow kernel: [    1.208029] usb 1-1: new full-speed USB device number 2 using uhci_hcd
Jun  8 12:37:45 johnsnow kernel: [    1.227905] EXT4-fs (sda2): mounted filesystem with ordered data mode. Opts: (null)
Jun  8 12:37:45 johnsnow kernel: [    1.284023] tsc: Refined TSC clocksource calibration: 3500.016 MHz
Jun  8 12:37:45 johnsnow kernel: [    1.380772] usb 1-1: New USB device found, idVendor=0627, idProduct=0001
